
--- Building Load Forecast Dataset ---
Dataset: 41,088 rows, 261 columns

--- Rolling Direct Load Forecast ---
  2026-02-01  lightgbm/global  7.0s
  2026-02-02  lightgbm/global  6.6s
  2026-02-03  lightgbm/global  8.1s
  2026-02-04  lightgbm/global  8.5s
  2026-02-05  lightgbm/global  7.3s
  2026-02-06  lightgbm/global  7.3s
  2026-02-07  lightgbm/global  6.7s
  2026-02-08  lightgbm/global  6.6s
  2026-02-09  lightgbm/global  6.5s
  2026-02-10  lightgbm/global  7.5s
  2026-02-11  lightgbm/global  7.5s
  2026-02-12  lightgbm/global  7.3s
  2026-02-13  lightgbm/global  6.7s
  2026-02-14  lightgbm/global  6.9s
  2026-02-15  lightgbm/global  7.1s
  2026-02-16  lightgbm/global  8.2s
  2026-02-17  lightgbm/global  9.1s
  2026-02-18  lightgbm/global  7.2s
  2026-02-19  lightgbm/global  6.7s
  2026-02-20  lightgbm/global  6.9s
  2026-02-21  lightgbm/global  6.8s
  2026-02-22  lightgbm/global  7.4s
  2026-02-23  lightgbm/global  7.6s
  2026-02-24  lightgbm/global  6.3s
  2026-02-25  lightgbm/global  6.6s
  2026-02-26  lightgbm/global  7.3s
  2026-02-27  lightgbm/global  6.8s
  2026-02-28  lightgbm/global  8.8s
  2026-03-01  lightgbm/global  7.2s
  2026-03-02  lightgbm/global  9.0s
  2026-03-03  lightgbm/global  6.8s
  2026-03-04  lightgbm/global  6.8s
  2026-03-05  lightgbm/global  7.0s
  2026-03-06  lightgbm/global  7.5s
  2026-03-07  lightgbm/global  7.6s
  2026-03-08  lightgbm/global  7.6s
  2026-03-09  lightgbm/global  6.9s
  2026-03-10  lightgbm/global  6.8s
  2026-03-11  lightgbm/global  6.7s
  2026-03-12  lightgbm/global  8.0s
  2026-03-13  lightgbm/global  7.6s
  2026-03-14  lightgbm/global  9.2s
  2026-03-15  lightgbm/global  7.0s
  2026-03-16  lightgbm/global  6.9s
  2026-03-17  lightgbm/global  7.4s
  2026-03-18  lightgbm/global  9.7s
  2026-03-19  lightgbm/global  8.1s
  2026-03-20  lightgbm/global  7.0s
  2026-03-21  lightgbm/global  6.9s
  2026-03-22  lightgbm/global  6.8s
  2026-03-23  lightgbm/global  7.6s
  2026-03-24  lightgbm/global  8.0s
  2026-03-25  lightgbm/global  7.6s
  2026-03-26  lightgbm/global  7.2s
  2026-03-27  lightgbm/global  7.2s
  2026-03-28  lightgbm/global  9.5s
  2026-03-29  lightgbm/global  7.6s
  2026-03-30  lightgbm/global  7.8s
  2026-03-31  lightgbm/global  9.0s
  2026-04-01  lightgbm/global  6.9s
  2026-04-02  lightgbm/global  7.1s
  2026-04-03  lightgbm/global  7.8s
  2026-04-04  lightgbm/global  7.7s
  2026-04-05  lightgbm/global  7.3s
  2026-04-06  lightgbm/global  7.2s
  2026-04-07  lightgbm/global  7.1s
  2026-04-08  lightgbm/global  7.3s
  2026-04-09  lightgbm/global  7.6s
  2026-04-10  lightgbm/global  7.5s
  2026-04-11  lightgbm/global  7.2s
  2026-04-12  lightgbm/global  7.4s
  2026-04-13  lightgbm/global  6.8s
  2026-04-14  lightgbm/global  7.5s
  2026-04-15  lightgbm/global  7.5s
  2026-04-16  lightgbm/global  7.7s
  2026-04-17  lightgbm/global  7.3s
  2026-04-18  lightgbm/global  7.0s
  2026-04-19  lightgbm/global  7.0s
  2026-04-20  lightgbm/global  7.8s
  2026-04-21  lightgbm/global  7.7s
  2026-04-22  lightgbm/global  7.7s
  2026-04-23  lightgbm/global  7.1s
  2026-04-24  lightgbm/global  7.2s
  2026-04-25  lightgbm/global  7.5s
  2026-04-26  lightgbm/global  7.8s
  2026-04-27  lightgbm/global  7.7s
  2026-04-28  lightgbm/global  7.3s
  2026-04-29  lightgbm/global  7.2s
  2026-04-30  lightgbm/global  7.1s
  2026-05-01  lightgbm/global  10.1s
  2026-05-02  lightgbm/global  8.2s
  2026-05-03  lightgbm/global  7.5s
  2026-05-04  lightgbm/global  7.4s
  2026-05-05  lightgbm/global  7.0s
  2026-05-06  lightgbm/global  7.8s
  2026-05-07  lightgbm/global  7.6s
  2026-05-08  lightgbm/global  9.6s
  2026-05-09  lightgbm/global  7.1s
  2026-05-10  lightgbm/global  9.0s
  2026-05-11  lightgbm/global  7.0s
  2026-05-12  lightgbm/global  7.8s
  2026-05-13  lightgbm/global  7.7s
  2026-05-14  lightgbm/global  7.2s
  2026-05-15  lightgbm/global  7.1s
  2026-05-16  lightgbm/global  7.0s
  2026-05-17  lightgbm/global  7.8s
  2026-05-18  lightgbm/global  9.7s
  2026-05-19  lightgbm/global  7.3s
  2026-05-20  lightgbm/global  7.1s
  2026-05-21  lightgbm/global  7.0s
  2026-05-22  lightgbm/global  9.7s
  2026-05-23  lightgbm/global  7.8s
  2026-05-24  lightgbm/global  7.3s
  2026-05-25  lightgbm/global  7.0s
  2026-05-26  lightgbm/global  7.0s
  2026-05-27  lightgbm/global  6.7s
  2026-05-28  lightgbm/global  7.0s
  2026-05-29  lightgbm/global  7.4s
  2026-05-30  lightgbm/global  7.3s
  2026-05-31  lightgbm/global  7.5s
  2026-06-01  lightgbm/global  7.3s
  2026-06-02  lightgbm/global  7.1s
  2026-06-03  lightgbm/global  7.8s
  2026-06-04  lightgbm/global  7.4s
  2026-06-05  lightgbm/global  7.3s
  2026-06-06  lightgbm/global  9.8s
  2026-06-07  lightgbm/global  7.1s
  2026-06-08  lightgbm/global  7.2s
  2026-06-09  lightgbm/global  7.7s
  2026-06-10  lightgbm/global  7.8s
  2026-06-11  lightgbm/global  7.6s
  2026-06-12  lightgbm/global  7.6s
  2026-06-13  lightgbm/global  7.1s
  2026-06-14  lightgbm/global  7.0s
  2026-06-15  lightgbm/global  7.1s
  2026-06-16  lightgbm/global  9.6s
  2026-06-17  lightgbm/global  7.5s
  2026-06-18  lightgbm/global  7.3s
  2026-06-19  lightgbm/global  9.1s
  2026-06-20  lightgbm/global  7.5s
  2026-06-21  lightgbm/global  7.5s
  2026-06-22  lightgbm/global  7.9s
  2026-06-23  lightgbm/global  7.7s
  2026-06-24  lightgbm/global  7.2s
  2026-06-25  lightgbm/global  7.0s
  2026-06-26  lightgbm/global  7.2s
  2026-06-27  lightgbm/global  7.9s
  2026-06-28  lightgbm/global  7.7s
  2026-06-29  lightgbm/global  7.5s
  2026-06-30  lightgbm/global  7.1s
  2026-07-01  lightgbm/global  7.1s
  2026-07-02  lightgbm/global  7.7s
  2026-07-03  lightgbm/global  7.8s
  2026-07-04  lightgbm/global  7.6s
  2026-07-05  lightgbm/global  7.4s
  2026-07-06  lightgbm/global  7.2s
  2026-07-07  lightgbm/global  7.0s
  2026-07-08  lightgbm/global  7.9s
  2026-07-09  lightgbm/global  7.6s
  2026-07-10  lightgbm/global  7.4s
  2026-07-11  lightgbm/global  7.1s
  2026-07-12  lightgbm/global  7.1s
  2026-07-13  lightgbm/global  10.2s
  2026-07-14  lightgbm/global  7.9s
  2026-07-15  lightgbm/global  9.7s
  2026-07-16  lightgbm/global  7.2s
  2026-07-17  lightgbm/global  7.1s
  2026-07-18  lightgbm/global  7.3s
  2026-07-19  lightgbm/global  7.7s
  2026-07-20  lightgbm/global  7.7s
  2026-07-21  lightgbm/global  7.4s
  2026-07-22  lightgbm/global  9.1s
  2026-07-23  lightgbm/global  7.0s
  2026-07-24  lightgbm/global  7.8s
  2026-07-25  lightgbm/global  9.9s
  2026-07-26  lightgbm/global  7.2s
  2026-07-27  lightgbm/global  7.3s
  2026-07-28  lightgbm/global  7.2s
  2026-07-29  lightgbm/global  7.6s
  2026-07-30  lightgbm/global  8.3s
  2026-07-31  lightgbm/global  7.8s

--- Load Forecast Metrics ---
target model  period         mae          mse        rmse       r2  nrmse_mean_load_pct        bias  mean_actual_mw  n_obs
  Load Model    full 1635.634578 4.975066e+06 2230.485562 0.932022             4.194485  197.737633    53176.618976  17376
  Load Model 2026-02 1498.054768 3.677107e+06 1917.578344 0.953709             3.123984  974.638764    61382.468453   2688
  Load Model 2026-03 1428.912042 3.391820e+06 1841.689514 0.944327             3.352665 -189.119308    54932.110143   2976
  Load Model 2026-04 1875.113385 7.170537e+06 2677.785784 0.868559             5.175417  414.854251    51740.487371   2880
  Load Model 2026-05 1617.510732 4.413424e+06 2100.815139 0.918174             4.316728  262.617352    48666.844910   2976
  Load Model 2026-06 1944.947493 7.739209e+06 2781.943334 0.845215             5.389200 -636.742991    51620.708717   2880
  Load Model 2026-07 1453.657834 3.492677e+06 1868.870517 0.926993             3.634896  415.446740    51414.691249   2976
Saved load forecast outputs -> /Users/davideiglsperger/Code/DA_Price_Forecasting_Pipeline_DE_LU/results/load_forecast_results/direct_actual_open_meteo_p10_morning0845_daily_weather_lightgbm_paper_febjul_tw224_f180_pop_weighted_quantiles_clean
