
--- Building Renewable Generation Dataset ---
Dataset: 30,593 rows, 1,293 columns

--- Rolling Renewable Generation Forecast ---
  2025-11-23  hist_gradient_boosting  141.8s
  2025-11-24  hist_gradient_boosting  173.7s
  2025-11-25  hist_gradient_boosting  162.8s
  2025-11-26  hist_gradient_boosting  159.7s
  2025-11-27  hist_gradient_boosting  162.9s
  2025-11-28  hist_gradient_boosting  167.0s
  2025-11-29  hist_gradient_boosting  169.6s
  2025-11-30  hist_gradient_boosting  156.7s
  2025-12-01  hist_gradient_boosting  159.2s
  2025-12-02  hist_gradient_boosting  166.1s
  2025-12-03  hist_gradient_boosting  162.2s
  2025-12-04  hist_gradient_boosting  173.5s
  2025-12-05  hist_gradient_boosting  171.8s
  2025-12-06  hist_gradient_boosting  168.8s
  2025-12-07  hist_gradient_boosting  169.9s
  2025-12-08  hist_gradient_boosting  172.4s
  2025-12-09  hist_gradient_boosting  173.6s
  2025-12-10  hist_gradient_boosting  172.7s
  2025-12-11  hist_gradient_boosting  165.1s
  2025-12-12  hist_gradient_boosting  155.5s
  2025-12-13  hist_gradient_boosting  173.2s
  2025-12-14  hist_gradient_boosting  177.9s
  2025-12-15  hist_gradient_boosting  175.8s
  2025-12-16  hist_gradient_boosting  185.9s
  2025-12-17  hist_gradient_boosting  178.3s
  2025-12-18  hist_gradient_boosting  179.6s
  2025-12-19  hist_gradient_boosting  180.6s
  2025-12-20  hist_gradient_boosting  181.3s
  2025-12-21  hist_gradient_boosting  181.3s
  2025-12-22  hist_gradient_boosting  175.5s
  2025-12-23  hist_gradient_boosting  180.8s
  2025-12-24  hist_gradient_boosting  179.7s
  2025-12-25  hist_gradient_boosting  181.6s
  2025-12-26  hist_gradient_boosting  187.9s
  2025-12-27  hist_gradient_boosting  189.8s
  2025-12-28  hist_gradient_boosting  194.0s
  2025-12-29  hist_gradient_boosting  188.1s
  2025-12-30  hist_gradient_boosting  200.2s
  2025-12-31  hist_gradient_boosting  168.4s
  2026-01-01  hist_gradient_boosting  168.3s
  2026-01-02  hist_gradient_boosting  168.9s
  2026-01-03  hist_gradient_boosting  169.4s
  2026-01-04  hist_gradient_boosting  170.2s
  2026-01-05  hist_gradient_boosting  171.6s
  2026-01-06  hist_gradient_boosting  170.5s
  2026-01-07  hist_gradient_boosting  172.5s
  2026-01-08  hist_gradient_boosting  139.4s
  2026-01-09  hist_gradient_boosting  132.9s
  2026-01-10  hist_gradient_boosting  132.9s
  2026-01-11  hist_gradient_boosting  134.0s
  2026-01-12  hist_gradient_boosting  133.2s
  2026-01-13  hist_gradient_boosting  133.2s
  2026-01-14  hist_gradient_boosting  134.9s
  2026-01-15  hist_gradient_boosting  136.0s
  2026-01-16  hist_gradient_boosting  135.6s
  2026-01-17  hist_gradient_boosting  137.2s
  2026-01-18  hist_gradient_boosting  136.6s
  2026-01-19  hist_gradient_boosting  135.7s
  2026-01-20  hist_gradient_boosting  137.1s
  2026-01-21  hist_gradient_boosting  140.4s
  2026-01-22  hist_gradient_boosting  139.0s
  2026-01-23  hist_gradient_boosting  140.3s
  2026-01-24  hist_gradient_boosting  141.2s
  2026-01-25  hist_gradient_boosting  142.6s
  2026-01-26  hist_gradient_boosting  142.0s
  2026-01-27  hist_gradient_boosting  141.9s
  2026-01-28  hist_gradient_boosting  141.8s
  2026-01-29  hist_gradient_boosting  143.1s
  2026-01-30  hist_gradient_boosting  142.3s
  2026-01-31  hist_gradient_boosting  144.2s
  2026-02-01  hist_gradient_boosting  142.9s
  2026-02-02  hist_gradient_boosting  144.3s
  2026-02-03  hist_gradient_boosting  145.1s
  2026-02-04  hist_gradient_boosting  145.5s
  2026-02-05  hist_gradient_boosting  146.3s
  2026-02-06  hist_gradient_boosting  145.6s
  2026-02-07  hist_gradient_boosting  145.8s
  2026-02-08  hist_gradient_boosting  138.2s
  2026-02-09  hist_gradient_boosting  137.6s
  2026-02-10  hist_gradient_boosting  137.3s
  2026-02-11  hist_gradient_boosting  136.9s
  2026-02-12  hist_gradient_boosting  137.9s
  2026-02-13  hist_gradient_boosting  137.1s
  2026-02-14  hist_gradient_boosting  137.6s
  2026-02-15  hist_gradient_boosting  138.6s
  2026-02-16  hist_gradient_boosting  138.3s
  2026-02-17  hist_gradient_boosting  138.6s
  2026-02-18  hist_gradient_boosting  138.3s
  2026-02-19  hist_gradient_boosting  140.4s
  2026-02-20  hist_gradient_boosting  141.3s
  2026-02-21  hist_gradient_boosting  138.3s
  2026-02-22  hist_gradient_boosting  139.2s
  2026-02-23  hist_gradient_boosting  139.6s
  2026-02-24  hist_gradient_boosting  140.8s
  2026-02-25  hist_gradient_boosting  141.6s
  2026-02-26  hist_gradient_boosting  140.7s
  2026-02-27  hist_gradient_boosting  140.4s
  2026-02-28  hist_gradient_boosting  141.2s
  2026-03-01  hist_gradient_boosting  142.6s
  2026-03-02  hist_gradient_boosting  142.4s
  2026-03-03  hist_gradient_boosting  141.1s
  2026-03-04  hist_gradient_boosting  141.7s
  2026-03-05  hist_gradient_boosting  142.4s
  2026-03-06  hist_gradient_boosting  145.0s
  2026-03-07  hist_gradient_boosting  145.9s
  2026-03-08  hist_gradient_boosting  145.2s
  2026-03-09  hist_gradient_boosting  143.0s
  2026-03-10  hist_gradient_boosting  144.9s
  2026-03-11  hist_gradient_boosting  144.5s
  2026-03-12  hist_gradient_boosting  143.9s
  2026-03-13  hist_gradient_boosting  144.6s
  2026-03-14  hist_gradient_boosting  145.0s
  2026-03-15  hist_gradient_boosting  145.3s
  2026-03-16  hist_gradient_boosting  145.6s
  2026-03-17  hist_gradient_boosting  145.1s
  2026-03-18  hist_gradient_boosting  145.8s
  2026-03-19  hist_gradient_boosting  147.6s
  2026-03-20  hist_gradient_boosting  147.6s
  2026-03-21  hist_gradient_boosting  146.5s
  2026-03-22  hist_gradient_boosting  147.8s
  2026-03-23  hist_gradient_boosting  146.3s
  2026-03-24  hist_gradient_boosting  147.2s
  2026-03-25  hist_gradient_boosting  147.6s
  2026-03-26  hist_gradient_boosting  148.6s
  2026-03-27  hist_gradient_boosting  149.9s
  2026-03-28  hist_gradient_boosting  149.0s
  2026-03-29  hist_gradient_boosting  148.8s
  2026-03-30  hist_gradient_boosting  149.1s
  2026-03-31  hist_gradient_boosting  149.2s
  2026-04-01  hist_gradient_boosting  149.0s
  2026-04-02  hist_gradient_boosting  150.0s
  2026-04-03  hist_gradient_boosting  149.6s
  2026-04-04  hist_gradient_boosting  148.4s
  2026-04-05  hist_gradient_boosting  151.0s
  2026-04-06  hist_gradient_boosting  151.0s
  2026-04-07  hist_gradient_boosting  150.3s
  2026-04-08  hist_gradient_boosting  150.4s
  2026-04-09  hist_gradient_boosting  150.2s
  2026-04-10  hist_gradient_boosting  149.7s
  2026-04-11  hist_gradient_boosting  151.6s
  2026-04-12  hist_gradient_boosting  152.1s
  2026-04-13  hist_gradient_boosting  152.2s
  2026-04-14  hist_gradient_boosting  152.0s
  2026-04-15  hist_gradient_boosting  153.0s
  2026-04-16  hist_gradient_boosting  150.4s
  2026-04-17  hist_gradient_boosting  152.3s
  2026-04-18  hist_gradient_boosting  152.9s
  2026-04-19  hist_gradient_boosting  153.0s
  2026-04-20  hist_gradient_boosting  153.1s
  2026-04-21  hist_gradient_boosting  152.3s
  2026-04-22  hist_gradient_boosting  154.9s
  2026-04-23  hist_gradient_boosting  153.4s
  2026-04-24  hist_gradient_boosting  151.9s
  2026-04-25  hist_gradient_boosting  151.1s
  2026-04-26  hist_gradient_boosting  151.6s
  2026-04-27  hist_gradient_boosting  149.1s
  2026-04-28  hist_gradient_boosting  150.3s
  2026-04-29  hist_gradient_boosting  149.6s
  2026-04-30  hist_gradient_boosting  151.2s
  2026-05-01  hist_gradient_boosting  151.9s
  2026-05-02  hist_gradient_boosting  150.0s
  2026-05-03  hist_gradient_boosting  150.2s
  2026-05-04  hist_gradient_boosting  150.9s
  2026-05-05  hist_gradient_boosting  150.9s
  2026-05-06  hist_gradient_boosting  151.5s
  2026-05-07  hist_gradient_boosting  151.9s
  2026-05-08  hist_gradient_boosting  152.2s
  2026-05-09  hist_gradient_boosting  151.4s
  2026-05-10  hist_gradient_boosting  150.4s
  2026-05-11  hist_gradient_boosting  150.3s
  2026-05-12  hist_gradient_boosting  152.3s
  2026-05-13  hist_gradient_boosting  152.0s
  2026-05-14  hist_gradient_boosting  152.7s
  2026-05-15  hist_gradient_boosting  151.5s
  2026-05-16  hist_gradient_boosting  150.5s
  2026-05-17  hist_gradient_boosting  150.3s
  2026-05-18  hist_gradient_boosting  151.5s
  2026-05-19  hist_gradient_boosting  150.7s
  2026-05-20  hist_gradient_boosting  151.0s
  2026-05-21  hist_gradient_boosting  150.7s
  2026-05-22  hist_gradient_boosting  150.7s
  2026-05-23  hist_gradient_boosting  150.9s
  2026-05-24  hist_gradient_boosting  151.9s
  2026-05-25  hist_gradient_boosting  150.4s
  2026-05-26  hist_gradient_boosting  151.6s
  2026-05-27  hist_gradient_boosting  124.5s
  2026-05-28  hist_gradient_boosting  123.1s
  2026-05-29  hist_gradient_boosting  122.7s
  2026-05-30  hist_gradient_boosting  120.9s
  2026-05-31  hist_gradient_boosting  122.0s
  2026-06-01  hist_gradient_boosting  121.6s
  2026-06-02  hist_gradient_boosting  123.5s
  2026-06-03  hist_gradient_boosting  123.5s
  2026-06-04  hist_gradient_boosting  122.9s
  2026-06-05  hist_gradient_boosting  121.9s
  2026-06-06  hist_gradient_boosting  122.7s
  2026-06-07  hist_gradient_boosting  123.2s
  2026-06-08  hist_gradient_boosting  122.1s
  2026-06-09  hist_gradient_boosting  120.6s
  2026-06-10  hist_gradient_boosting  122.0s
  2026-06-11  hist_gradient_boosting  122.8s
  2026-06-12  hist_gradient_boosting  122.0s
  2026-06-13  hist_gradient_boosting  123.2s
  2026-06-14  hist_gradient_boosting  122.1s
  2026-06-15  hist_gradient_boosting  120.8s
  2026-06-16  hist_gradient_boosting  120.1s
  2026-06-17  hist_gradient_boosting  123.8s
  2026-06-18  hist_gradient_boosting  120.3s
  2026-06-19  hist_gradient_boosting  122.5s
  2026-06-20  hist_gradient_boosting  122.4s
  2026-06-21  hist_gradient_boosting  121.3s
  2026-06-22  hist_gradient_boosting  119.9s
  2026-06-23  hist_gradient_boosting  121.6s
  2026-06-24  hist_gradient_boosting  119.6s
  2026-06-25  hist_gradient_boosting  122.4s
  2026-06-26  hist_gradient_boosting  121.5s
  2026-06-27  hist_gradient_boosting  121.0s
  2026-06-28  hist_gradient_boosting  122.0s
  2026-06-29  hist_gradient_boosting  121.2s
  2026-06-30  hist_gradient_boosting  120.3s
  2026-07-01  hist_gradient_boosting  122.0s
  2026-07-02  hist_gradient_boosting  121.4s
  2026-07-03  hist_gradient_boosting  121.7s
  2026-07-04  hist_gradient_boosting  121.3s
  2026-07-05  hist_gradient_boosting  121.6s
  2026-07-06  hist_gradient_boosting  122.0s
  2026-07-07  hist_gradient_boosting  121.7s
  2026-07-08  hist_gradient_boosting  121.0s
  2026-07-09  hist_gradient_boosting  122.3s
  2026-07-10  hist_gradient_boosting  121.2s
  2026-07-11  hist_gradient_boosting  120.6s
  2026-07-12  hist_gradient_boosting  121.2s
  2026-07-13  hist_gradient_boosting  121.0s
  2026-07-14  hist_gradient_boosting  121.6s
  2026-07-15  hist_gradient_boosting  120.9s
  2026-07-16  hist_gradient_boosting  121.1s
  2026-07-17  hist_gradient_boosting  122.0s
  2026-07-18  hist_gradient_boosting  122.8s
  2026-07-19  hist_gradient_boosting  121.0s
  2026-07-20  hist_gradient_boosting  121.0s
  2026-07-21  hist_gradient_boosting  120.3s
  2026-07-22  hist_gradient_boosting  121.7s
  2026-07-23  hist_gradient_boosting  121.8s
  2026-07-24  hist_gradient_boosting  120.9s
  2026-07-25  hist_gradient_boosting  122.6s
  2026-07-26  hist_gradient_boosting  120.8s
  2026-07-27  hist_gradient_boosting  121.6s
  2026-07-28  hist_gradient_boosting  119.8s
  2026-07-29  hist_gradient_boosting  122.5s
  2026-07-30  hist_gradient_boosting  122.9s
  2026-07-31  hist_gradient_boosting  90.1s

--- Renewable Generation Metrics ---
       target  period         mae          mse        rmse    nrmse  nrmse_pct       r2        bias  installed_capacity_mw  n_obs
 Wind_Onshore    full 1957.942738 8.749916e+06 2958.025652 0.042752   4.275173 0.894916   79.387733            69190.78143  24096
 Wind_Onshore 2025-11 2019.702049 6.705013e+06 2589.403942 0.037424   3.742412 0.902332  -98.016122            69190.78143    768
 Wind_Onshore 2025-12 2287.266985 8.331593e+06 2886.449937 0.041717   4.171726 0.889609   29.538842            69190.78143   2976
 Wind_Onshore 2026-01 1948.463496 6.178039e+06 2485.566187 0.035923   3.592337 0.929261  104.075324            69190.78143   2976
 Wind_Onshore 2026-02 2916.676513 2.301228e+07 4797.111543 0.069332   6.933166 0.763350  217.633604            69190.78143   2688
 Wind_Onshore 2026-03 1646.061177 5.567829e+06 2359.624676 0.034103   3.410317 0.945114   18.322511            69190.78143   2976
 Wind_Onshore 2026-04 1999.957245 1.238515e+07 3519.253617 0.050863   5.086304 0.816433  196.679930            69190.78143   2880
 Wind_Onshore 2026-05 1363.847321 3.477800e+06 1864.885951 0.026953   2.695281 0.873052  -34.960288            69190.78143   2976
 Wind_Onshore 2026-06 1861.626396 6.843337e+06 2615.977213 0.037808   3.780818 0.877347  223.371134            69190.78143   2880
 Wind_Onshore 2026-07 1714.733903 6.167012e+06 2483.346919 0.035891   3.589130 0.881988  -51.970674            69190.78143   2976
Wind_Offshore    full  678.297767 8.472304e+05  920.451184 0.088175   8.817475 0.855087   -4.557175            10438.94300  24096
Wind_Offshore 2025-11  533.821977 4.566658e+05  675.770494 0.064736   6.473553 0.877807 -128.433097            10438.94300    768
Wind_Offshore 2025-12  748.561736 9.048193e+05  951.219889 0.091122   9.112224 0.818653  -16.250631            10438.94300   2976
Wind_Offshore 2026-01  721.811926 8.636219e+05  929.312602 0.089024   8.902363 0.816759 -170.962085            10438.94300   2976
Wind_Offshore 2026-02  625.594082 6.541233e+05  808.778918 0.077477   7.747709 0.848103  -19.839473            10438.94300   2688
Wind_Offshore 2026-03  662.021863 7.584489e+05  870.889708 0.083427   8.342700 0.875091  149.461772            10438.94300   2976
Wind_Offshore 2026-04  668.261080 1.038732e+06 1019.181999 0.097633   9.763268 0.734182  136.297492            10438.94300   2880
Wind_Offshore 2026-05  649.564707 8.177592e+05  904.300405 0.086628   8.662758 0.722321  -30.095640            10438.94300   2976
Wind_Offshore 2026-06  621.413779 7.100629e+05  842.652322 0.080722   8.072200 0.775838   23.984993            10438.94300   2880
Wind_Offshore 2026-07  759.177947 1.114131e+06 1055.524201 0.101114  10.111409 0.718633  -73.100368            10438.94300   2976
   Wind_Total    full 2218.111310 1.106892e+07 3326.998935 0.041781   4.178087 0.906729   74.830558            79629.72443  24096
   Wind_Total 2025-11 2177.011560 8.248844e+06 2872.080153 0.036068   3.606794 0.915295 -226.449219            79629.72443    768
   Wind_Total 2025-12 2701.009211 1.158891e+07 3404.249352 0.042751   4.275099 0.893524   13.288211            79629.72443   2976
   Wind_Total 2026-01 2053.048056 6.982024e+06 2642.352021 0.033183   3.318299 0.928780  -66.886762            79629.72443   2976
   Wind_Total 2026-02 3073.529498 2.578447e+07 5077.841311 0.063768   6.376816 0.790787  197.794131            79629.72443   2688
   Wind_Total 2026-03 1835.792425 6.595279e+06 2568.127488 0.032251   3.225086 0.954249  167.784283            79629.72443   2976
   Wind_Total 2026-04 2333.964954 1.746273e+07 4178.843686 0.052478   5.247844 0.815947  332.977422            79629.72443   2880
   Wind_Total 2026-05 1748.261905 5.605649e+06 2367.625268 0.029733   2.973293 0.862907  -65.055927            79629.72443   2976
   Wind_Total 2026-06 2129.422932 8.632078e+06 2938.039848 0.036896   3.689627 0.891354  247.356128            79629.72443   2880
   Wind_Total 2026-07 1964.126589 8.179716e+06 2860.020242 0.035916   3.591649 0.889340 -125.071042            79629.72443   2976
Saved renewable generation outputs -> /Users/davideiglsperger/Code/DA_Price_Forecasting_Pipeline_DE_LU/results/renewable_generation_results/hybrid_dwd_mastr_wind_c100_icond2only_run06_onoff_split_wind_hub_p80_common_hgb_wind_struct_minleaf60_maxfeat08_bias30_mtu_s08_d180_cutoff1000_min20_price_warmup_d70_nov23febjul
