[18:46:45] START wind_0900
[18:46:45] START load_0700
[18:46:45] START wind_0700
[18:46:45] START wind_1100
[19:13:38] OK    load_0700
[19:13:38] START load_0800
[19:40:36] OK    load_0800
[19:40:36] START load_0900
[20:06:57] OK    load_0900
[20:06:57] START load_1000
[20:33:16] OK    load_1000
[20:33:16] START load_1100
[23:52:23] OK    load_1100
[23:52:23] START solar_0700
[06:37:10] OK    solar_0700
[06:37:10] START solar_0800
[07:41:36] OK    wind_1100
[07:41:39] OK    wind_0700
[07:41:39] START wind_0800
[07:42:06] OK    wind_0900
[07:42:06] START wind_1000
[11:24:50] OK    solar_0800
[11:24:50] START solar_0900
[14:56:39] OK    wind_0800
[14:58:42] OK    wind_1000
[15:22:02] OK    solar_0900
[15:22:03] START solar_1000
[16:21:33] FAIL  solar_1000 (see logs/rq3_clean/solar_1000.log)
[16:21:33] SKIP  solar_1100 (already done)
[16:21:33] components finished
[16:22:13] START price_1100_noreserve
[16:22:13] START price_0700
[16:22:13] START price_1000
[19:42:07] START price_0700
[19:42:07] START price_1100_noreserve
[19:42:07] START price_1000
[21:53:03] OK    price_0700
[21:53:03] START price_0800
[21:53:12] OK    price_1100_noreserve
[21:53:12] START price_1200
[23:02:04] OK    price_1000
[23:02:04] START price_1000_noreserve
[23:45:37] OK    price_0800
[23:45:37] START price_0900
[00:51:19] OK    price_1000_noreserve
[00:51:19] START price_1100
[01:50:20] OK    price_0900
[01:50:20] START price_0900_noreserve
[01:51:49] OK    price_1200
[01:51:49] START price_1200_noreserve
[03:40:23] OK    price_0900_noreserve
[03:49:54] OK    price_1200_noreserve
[04:26:12] OK    price_1100
[04:26:12] prices finished
