
--- Building Load Forecast Dataset ---
Dataset: 41,088 rows, 261 columns

--- Rolling Direct Load Forecast ---
  2025-11-23  lightgbm/global  5.2s
  2025-11-24  lightgbm/global  5.3s
  2025-11-25  lightgbm/global  6.3s
  2025-11-26  lightgbm/global  5.2s
  2025-11-27  lightgbm/global  5.2s
  2025-11-28  lightgbm/global  6.3s
  2025-11-29  lightgbm/global  5.2s
  2025-11-30  lightgbm/global  6.3s
  2025-12-01  lightgbm/global  5.3s
  2025-12-02  lightgbm/global  5.3s
  2025-12-03  lightgbm/global  6.6s
  2025-12-04  lightgbm/global  5.6s
  2025-12-05  lightgbm/global  6.8s
  2025-12-06  lightgbm/global  5.4s
  2025-12-07  lightgbm/global  5.4s
  2025-12-08  lightgbm/global  5.4s
  2025-12-09  lightgbm/global  6.0s
  2025-12-10  lightgbm/global  6.6s
  2025-12-11  lightgbm/global  5.3s
  2025-12-12  lightgbm/global  6.4s
  2025-12-13  lightgbm/global  5.4s
  2025-12-14  lightgbm/global  5.4s
  2025-12-15  lightgbm/global  6.3s
  2025-12-16  lightgbm/global  5.3s
  2025-12-17  lightgbm/global  5.5s
  2025-12-18  lightgbm/global  6.5s
  2025-12-19  lightgbm/global  5.4s
  2025-12-20  lightgbm/global  5.5s
  2025-12-21  lightgbm/global  5.5s
  2025-12-22  lightgbm/global  5.5s
  2025-12-23  lightgbm/global  5.5s
  2025-12-24  lightgbm/global  5.8s
  2025-12-25  lightgbm/global  5.6s
  2025-12-26  lightgbm/global  5.5s
  2025-12-27  lightgbm/global  5.6s
  2025-12-28  lightgbm/global  6.8s
  2025-12-29  lightgbm/global  5.6s
  2025-12-30  lightgbm/global  5.5s
  2025-12-31  lightgbm/global  5.5s
  2026-01-01  lightgbm/global  5.6s
  2026-01-02  lightgbm/global  5.5s
  2026-01-03  lightgbm/global  5.5s
  2026-01-04  lightgbm/global  5.6s
  2026-01-05  lightgbm/global  5.7s
  2026-01-06  lightgbm/global  5.5s
  2026-01-07  lightgbm/global  5.6s
  2026-01-08  lightgbm/global  6.2s
  2026-01-09  lightgbm/global  5.8s
  2026-01-10  lightgbm/global  5.6s
  2026-01-11  lightgbm/global  5.6s
  2026-01-12  lightgbm/global  5.5s
  2026-01-13  lightgbm/global  7.0s
  2026-01-14  lightgbm/global  5.6s
  2026-01-15  lightgbm/global  5.7s
  2026-01-16  lightgbm/global  5.7s
  2026-01-17  lightgbm/global  5.7s
  2026-01-18  lightgbm/global  5.9s
  2026-01-19  lightgbm/global  5.8s
  2026-01-20  lightgbm/global  5.7s
  2026-01-21  lightgbm/global  5.7s
  2026-01-22  lightgbm/global  5.7s
  2026-01-23  lightgbm/global  5.6s
  2026-01-24  lightgbm/global  5.8s
  2026-01-25  lightgbm/global  5.8s
  2026-01-26  lightgbm/global  5.7s
  2026-01-27  lightgbm/global  5.7s
  2026-01-28  lightgbm/global  5.8s
  2026-01-29  lightgbm/global  5.7s
  2026-01-30  lightgbm/global  5.7s
  2026-01-31  lightgbm/global  5.7s
  2026-02-01  lightgbm/global  5.8s
  2026-02-02  lightgbm/global  5.7s
  2026-02-03  lightgbm/global  5.8s
  2026-02-04  lightgbm/global  5.8s
  2026-02-05  lightgbm/global  5.8s
  2026-02-06  lightgbm/global  5.8s
  2026-02-07  lightgbm/global  5.9s
  2026-02-08  lightgbm/global  6.0s
  2026-02-09  lightgbm/global  5.9s
  2026-02-10  lightgbm/global  5.9s
  2026-02-11  lightgbm/global  5.9s
  2026-02-12  lightgbm/global  6.1s
  2026-02-13  lightgbm/global  5.9s
  2026-02-14  lightgbm/global  5.9s
  2026-02-15  lightgbm/global  6.0s
  2026-02-16  lightgbm/global  6.0s
  2026-02-17  lightgbm/global  6.0s
  2026-02-18  lightgbm/global  6.0s
  2026-02-19  lightgbm/global  6.0s
  2026-02-20  lightgbm/global  6.0s
  2026-02-21  lightgbm/global  6.0s
  2026-02-22  lightgbm/global  6.0s
  2026-02-23  lightgbm/global  6.0s
  2026-02-24  lightgbm/global  6.0s
  2026-02-25  lightgbm/global  6.0s
  2026-02-26  lightgbm/global  6.1s
  2026-02-27  lightgbm/global  6.0s
  2026-02-28  lightgbm/global  6.1s
  2026-03-01  lightgbm/global  6.0s
  2026-03-02  lightgbm/global  6.0s
  2026-03-03  lightgbm/global  6.0s
  2026-03-04  lightgbm/global  6.0s
  2026-03-05  lightgbm/global  6.1s
  2026-03-06  lightgbm/global  6.1s
  2026-03-07  lightgbm/global  6.2s
  2026-03-08  lightgbm/global  6.1s
  2026-03-09  lightgbm/global  6.1s
  2026-03-10  lightgbm/global  6.2s
  2026-03-11  lightgbm/global  6.3s
  2026-03-12  lightgbm/global  6.1s
  2026-03-13  lightgbm/global  6.1s
  2026-03-14  lightgbm/global  6.2s
  2026-03-15  lightgbm/global  6.1s
  2026-03-16  lightgbm/global  6.3s
  2026-03-17  lightgbm/global  6.1s
  2026-03-18  lightgbm/global  6.2s
  2026-03-19  lightgbm/global  6.2s
  2026-03-20  lightgbm/global  6.2s
  2026-03-21  lightgbm/global  6.1s
  2026-03-22  lightgbm/global  6.3s
  2026-03-23  lightgbm/global  6.3s
  2026-03-24  lightgbm/global  6.2s
  2026-03-25  lightgbm/global  6.2s
  2026-03-26  lightgbm/global  6.3s
  2026-03-27  lightgbm/global  6.3s
  2026-03-28  lightgbm/global  6.2s
  2026-03-29  lightgbm/global  6.3s
  2026-03-30  lightgbm/global  6.3s
  2026-03-31  lightgbm/global  6.4s
  2026-04-01  lightgbm/global  6.4s
  2026-04-02  lightgbm/global  6.3s
  2026-04-03  lightgbm/global  6.4s
  2026-04-04  lightgbm/global  6.3s
  2026-04-05  lightgbm/global  6.3s
  2026-04-06  lightgbm/global  6.4s
  2026-04-07  lightgbm/global  6.4s
  2026-04-08  lightgbm/global  6.4s
  2026-04-09  lightgbm/global  6.8s
  2026-04-10  lightgbm/global  6.3s
  2026-04-11  lightgbm/global  6.4s
  2026-04-12  lightgbm/global  6.4s
  2026-04-13  lightgbm/global  6.4s
  2026-04-14  lightgbm/global  6.5s
  2026-04-15  lightgbm/global  6.3s
  2026-04-16  lightgbm/global  6.5s
  2026-04-17  lightgbm/global  6.5s
  2026-04-18  lightgbm/global  6.4s
  2026-04-19  lightgbm/global  6.3s
  2026-04-20  lightgbm/global  6.4s
  2026-04-21  lightgbm/global  6.5s
  2026-04-22  lightgbm/global  6.5s
  2026-04-23  lightgbm/global  6.6s
  2026-04-24  lightgbm/global  6.4s
  2026-04-25  lightgbm/global  6.8s
  2026-04-26  lightgbm/global  6.4s
  2026-04-27  lightgbm/global  6.4s
  2026-04-28  lightgbm/global  6.4s
  2026-04-29  lightgbm/global  6.7s
  2026-04-30  lightgbm/global  6.5s
  2026-05-01  lightgbm/global  6.5s
  2026-05-02  lightgbm/global  6.4s
  2026-05-03  lightgbm/global  6.4s
  2026-05-04  lightgbm/global  6.4s
  2026-05-05  lightgbm/global  6.5s
  2026-05-06  lightgbm/global  6.4s
  2026-05-07  lightgbm/global  6.4s
  2026-05-08  lightgbm/global  6.4s
  2026-05-09  lightgbm/global  6.3s
  2026-05-10  lightgbm/global  6.2s
  2026-05-11  lightgbm/global  6.3s
  2026-05-12  lightgbm/global  6.2s
  2026-05-13  lightgbm/global  6.3s
  2026-05-14  lightgbm/global  6.2s
  2026-05-15  lightgbm/global  6.4s
  2026-05-16  lightgbm/global  6.2s
  2026-05-17  lightgbm/global  6.4s
  2026-05-18  lightgbm/global  6.3s
  2026-05-19  lightgbm/global  6.2s
  2026-05-20  lightgbm/global  6.3s
  2026-05-21  lightgbm/global  6.4s
  2026-05-22  lightgbm/global  6.3s
  2026-05-23  lightgbm/global  6.6s
  2026-05-24  lightgbm/global  6.7s
  2026-05-25  lightgbm/global  6.3s
  2026-05-26  lightgbm/global  6.3s
  2026-05-27  lightgbm/global  6.9s
  2026-05-28  lightgbm/global  6.2s
  2026-05-29  lightgbm/global  6.3s
  2026-05-30  lightgbm/global  6.3s
  2026-05-31  lightgbm/global  8.0s
  2026-06-01  lightgbm/global  6.4s
  2026-06-02  lightgbm/global  6.3s
  2026-06-03  lightgbm/global  6.3s
  2026-06-04  lightgbm/global  6.4s
  2026-06-05  lightgbm/global  6.4s
  2026-06-06  lightgbm/global  6.6s
  2026-06-07  lightgbm/global  6.3s
  2026-06-08  lightgbm/global  6.3s
  2026-06-09  lightgbm/global  6.4s
  2026-06-10  lightgbm/global  8.2s
  2026-06-11  lightgbm/global  6.4s
  2026-06-12  lightgbm/global  6.4s
  2026-06-13  lightgbm/global  6.5s
  2026-06-14  lightgbm/global  6.3s
  2026-06-15  lightgbm/global  6.4s
  2026-06-16  lightgbm/global  6.3s
  2026-06-17  lightgbm/global  6.3s
  2026-06-18  lightgbm/global  6.3s
  2026-06-19  lightgbm/global  6.4s
  2026-06-20  lightgbm/global  6.4s
  2026-06-21  lightgbm/global  6.5s
  2026-06-22  lightgbm/global  6.8s
  2026-06-23  lightgbm/global  6.4s
  2026-06-24  lightgbm/global  6.4s
  2026-06-25  lightgbm/global  7.0s
  2026-06-26  lightgbm/global  8.3s
  2026-06-27  lightgbm/global  6.3s
  2026-06-28  lightgbm/global  6.5s
  2026-06-29  lightgbm/global  6.3s
  2026-06-30  lightgbm/global  6.4s
  2026-07-01  lightgbm/global  6.3s
  2026-07-02  lightgbm/global  6.4s
  2026-07-03  lightgbm/global  6.5s
  2026-07-04  lightgbm/global  6.4s
  2026-07-05  lightgbm/global  6.4s
  2026-07-06  lightgbm/global  6.5s
  2026-07-07  lightgbm/global  6.4s
  2026-07-08  lightgbm/global  6.4s
  2026-07-09  lightgbm/global  6.3s
  2026-07-10  lightgbm/global  6.4s
  2026-07-11  lightgbm/global  6.4s
  2026-07-12  lightgbm/global  6.4s
  2026-07-13  lightgbm/global  6.4s
  2026-07-14  lightgbm/global  6.5s
  2026-07-15  lightgbm/global  6.3s
  2026-07-16  lightgbm/global  6.3s
  2026-07-17  lightgbm/global  6.4s
  2026-07-18  lightgbm/global  6.4s
  2026-07-19  lightgbm/global  6.4s
  2026-07-20  lightgbm/global  6.4s
  2026-07-21  lightgbm/global  6.6s
  2026-07-22  lightgbm/global  6.4s
  2026-07-23  lightgbm/global  6.3s
  2026-07-24  lightgbm/global  6.5s
  2026-07-25  lightgbm/global  6.6s
  2026-07-26  lightgbm/global  6.7s
  2026-07-27  lightgbm/global  6.6s
  2026-07-28  lightgbm/global  6.5s
  2026-07-29  lightgbm/global  6.6s
  2026-07-30  lightgbm/global  6.7s
  2026-07-31  lightgbm/global  6.5s

--- Load Forecast Metrics ---
target model  period         mae          mse        rmse       r2  nrmse_mean_load_pct         bias  mean_actual_mw  n_obs
  Load Model    full 1912.838933 7.344319e+06 2710.040464 0.916049             4.915718    51.645182    55130.099223  24096
  Load Model 2025-11 1785.983488 5.409155e+06 2325.758971 0.935880             3.847303 -1074.143451    60451.677749    768
  Load Model 2025-12 2204.337314 8.575778e+06 2928.442898 0.896072             5.097994  1158.473551    57443.040583   2976
  Load Model 2026-01 3069.718887 1.894693e+07 4352.807133 0.769508             6.925746 -1636.455274    62849.651297   2976
  Load Model 2026-02 1519.968166 3.827207e+06 1956.324976 0.951819             3.187107  1068.093676    61382.468453   2688
  Load Model 2026-03 1426.322219 3.408109e+06 1846.106484 0.944060             3.360706  -229.701770    54932.110143   2976
  Load Model 2026-04 1890.411508 6.978747e+06 2641.731856 0.872075             5.105734   362.009985    51740.487371   2880
  Load Model 2026-05 1699.487377 4.858614e+06 2204.226369 0.909920             4.529216   315.908167    48666.844910   2976
  Load Model 2026-06 1995.859583 8.601400e+06 2932.814376 0.827971             5.681469  -683.765620    51620.708717   2880
  Load Model 2026-07 1493.278170 3.745559e+06 1935.344660 0.921708             3.764186   433.779663    51414.691249   2976
Saved load forecast outputs -> /Users/davideiglsperger/Code/DA_Price_Forecasting_Pipeline_DE_LU/results/load_forecast_results/rq3_clean/load_1000_direct_morning0815_warmup
