
--- Building Load Forecast Dataset ---
Dataset: 41,088 rows, 268 columns

--- Rolling Direct Load Forecast ---
  2025-11-23  lightgbm/global  5.1s
  2025-11-24  lightgbm/global  4.9s
  2025-11-25  lightgbm/global  6.2s
  2025-11-26  lightgbm/global  5.1s
  2025-11-27  lightgbm/global  5.1s
  2025-11-28  lightgbm/global  5.2s
  2025-11-29  lightgbm/global  5.4s
  2025-11-30  lightgbm/global  8.6s
  2025-12-01  lightgbm/global  5.1s
  2025-12-02  lightgbm/global  5.2s
  2025-12-03  lightgbm/global  6.2s
  2025-12-04  lightgbm/global  6.3s
  2025-12-05  lightgbm/global  6.2s
  2025-12-06  lightgbm/global  5.2s
  2025-12-07  lightgbm/global  5.2s
  2025-12-08  lightgbm/global  5.3s
  2025-12-09  lightgbm/global  5.3s
  2025-12-10  lightgbm/global  6.6s
  2025-12-11  lightgbm/global  5.3s
  2025-12-12  lightgbm/global  5.3s
  2025-12-13  lightgbm/global  5.4s
  2025-12-14  lightgbm/global  5.4s
  2025-12-15  lightgbm/global  5.5s
  2025-12-16  lightgbm/global  6.5s
  2025-12-17  lightgbm/global  5.4s
  2025-12-18  lightgbm/global  5.3s
  2025-12-19  lightgbm/global  6.6s
  2025-12-20  lightgbm/global  6.4s
  2025-12-21  lightgbm/global  5.4s
  2025-12-22  lightgbm/global  6.5s
  2025-12-23  lightgbm/global  6.6s
  2025-12-24  lightgbm/global  5.4s
  2025-12-25  lightgbm/global  5.4s
  2025-12-26  lightgbm/global  5.4s
  2025-12-27  lightgbm/global  6.6s
  2025-12-28  lightgbm/global  6.5s
  2025-12-29  lightgbm/global  5.3s
  2025-12-30  lightgbm/global  5.3s
  2025-12-31  lightgbm/global  5.4s
  2026-01-01  lightgbm/global  5.3s
  2026-01-02  lightgbm/global  5.5s
  2026-01-03  lightgbm/global  5.4s
  2026-01-04  lightgbm/global  5.4s
  2026-01-05  lightgbm/global  5.4s
  2026-01-06  lightgbm/global  5.5s
  2026-01-07  lightgbm/global  6.7s
  2026-01-08  lightgbm/global  5.5s
  2026-01-09  lightgbm/global  5.5s
  2026-01-10  lightgbm/global  5.5s
  2026-01-11  lightgbm/global  5.6s
  2026-01-12  lightgbm/global  5.5s
  2026-01-13  lightgbm/global  5.6s
  2026-01-14  lightgbm/global  5.6s
  2026-01-15  lightgbm/global  5.6s
  2026-01-16  lightgbm/global  5.6s
  2026-01-17  lightgbm/global  5.6s
  2026-01-18  lightgbm/global  5.8s
  2026-01-19  lightgbm/global  5.6s
  2026-01-20  lightgbm/global  5.7s
  2026-01-21  lightgbm/global  7.1s
  2026-01-22  lightgbm/global  5.6s
  2026-01-23  lightgbm/global  5.5s
  2026-01-24  lightgbm/global  5.6s
  2026-01-25  lightgbm/global  5.6s
  2026-01-26  lightgbm/global  5.6s
  2026-01-27  lightgbm/global  5.7s
  2026-01-28  lightgbm/global  5.7s
  2026-01-29  lightgbm/global  7.0s
  2026-01-30  lightgbm/global  5.7s
  2026-01-31  lightgbm/global  5.7s
  2026-02-01  lightgbm/global  5.7s
  2026-02-02  lightgbm/global  5.8s
  2026-02-03  lightgbm/global  5.8s
  2026-02-04  lightgbm/global  5.8s
  2026-02-05  lightgbm/global  5.8s
  2026-02-06  lightgbm/global  5.8s
  2026-02-07  lightgbm/global  5.8s
  2026-02-08  lightgbm/global  5.9s
  2026-02-09  lightgbm/global  5.8s
  2026-02-10  lightgbm/global  5.8s
  2026-02-11  lightgbm/global  6.0s
  2026-02-12  lightgbm/global  5.9s
  2026-02-13  lightgbm/global  5.9s
  2026-02-14  lightgbm/global  5.9s
  2026-02-15  lightgbm/global  6.0s
  2026-02-16  lightgbm/global  5.8s
  2026-02-17  lightgbm/global  6.0s
  2026-02-18  lightgbm/global  6.1s
  2026-02-19  lightgbm/global  5.9s
  2026-02-20  lightgbm/global  5.9s
  2026-02-21  lightgbm/global  5.8s
  2026-02-22  lightgbm/global  5.9s
  2026-02-23  lightgbm/global  6.0s
  2026-02-24  lightgbm/global  5.8s
  2026-02-25  lightgbm/global  5.9s
  2026-02-26  lightgbm/global  5.8s
  2026-02-27  lightgbm/global  5.9s
  2026-02-28  lightgbm/global  5.9s
  2026-03-01  lightgbm/global  6.0s
  2026-03-02  lightgbm/global  5.9s
  2026-03-03  lightgbm/global  6.0s
  2026-03-04  lightgbm/global  6.0s
  2026-03-05  lightgbm/global  6.0s
  2026-03-06  lightgbm/global  6.1s
  2026-03-07  lightgbm/global  6.1s
  2026-03-08  lightgbm/global  6.1s
  2026-03-09  lightgbm/global  6.0s
  2026-03-10  lightgbm/global  6.1s
  2026-03-11  lightgbm/global  6.2s
  2026-03-12  lightgbm/global  6.1s
  2026-03-13  lightgbm/global  6.2s
  2026-03-14  lightgbm/global  6.2s
  2026-03-15  lightgbm/global  6.2s
  2026-03-16  lightgbm/global  6.2s
  2026-03-17  lightgbm/global  6.1s
  2026-03-18  lightgbm/global  6.1s
  2026-03-19  lightgbm/global  6.2s
  2026-03-20  lightgbm/global  6.1s
  2026-03-21  lightgbm/global  6.1s
  2026-03-22  lightgbm/global  6.1s
  2026-03-23  lightgbm/global  6.1s
  2026-03-24  lightgbm/global  6.1s
  2026-03-25  lightgbm/global  6.2s
  2026-03-26  lightgbm/global  6.2s
  2026-03-27  lightgbm/global  6.2s
  2026-03-28  lightgbm/global  6.2s
  2026-03-29  lightgbm/global  6.2s
  2026-03-30  lightgbm/global  6.3s
  2026-03-31  lightgbm/global  6.2s
  2026-04-01  lightgbm/global  6.3s
  2026-04-02  lightgbm/global  6.3s
  2026-04-03  lightgbm/global  6.3s
  2026-04-04  lightgbm/global  6.2s
  2026-04-05  lightgbm/global  6.2s
  2026-04-06  lightgbm/global  6.3s
  2026-04-07  lightgbm/global  6.3s
  2026-04-08  lightgbm/global  6.3s
  2026-04-09  lightgbm/global  6.3s
  2026-04-10  lightgbm/global  6.3s
  2026-04-11  lightgbm/global  6.4s
  2026-04-12  lightgbm/global  6.3s
  2026-04-13  lightgbm/global  6.3s
  2026-04-14  lightgbm/global  6.4s
  2026-04-15  lightgbm/global  6.5s
  2026-04-16  lightgbm/global  6.3s
  2026-04-17  lightgbm/global  6.3s
  2026-04-18  lightgbm/global  6.3s
  2026-04-19  lightgbm/global  6.4s
  2026-04-20  lightgbm/global  6.3s
  2026-04-21  lightgbm/global  6.2s
  2026-04-22  lightgbm/global  6.3s
  2026-04-23  lightgbm/global  6.3s
  2026-04-24  lightgbm/global  6.3s
  2026-04-25  lightgbm/global  6.3s
  2026-04-26  lightgbm/global  6.4s
  2026-04-27  lightgbm/global  6.5s
  2026-04-28  lightgbm/global  6.3s
  2026-04-29  lightgbm/global  6.4s
  2026-04-30  lightgbm/global  6.5s
  2026-05-01  lightgbm/global  6.4s
  2026-05-02  lightgbm/global  6.5s
  2026-05-03  lightgbm/global  8.3s
  2026-05-04  lightgbm/global  8.1s
  2026-05-05  lightgbm/global  6.4s
  2026-05-06  lightgbm/global  6.5s
  2026-05-07  lightgbm/global  6.3s
  2026-05-08  lightgbm/global  6.5s
  2026-05-09  lightgbm/global  6.4s
  2026-05-10  lightgbm/global  6.3s
  2026-05-11  lightgbm/global  6.5s
  2026-05-12  lightgbm/global  6.3s
  2026-05-13  lightgbm/global  6.3s
  2026-05-14  lightgbm/global  6.4s
  2026-05-15  lightgbm/global  6.4s
  2026-05-16  lightgbm/global  6.3s
  2026-05-17  lightgbm/global  6.4s
  2026-05-18  lightgbm/global  6.4s
  2026-05-19  lightgbm/global  6.4s
  2026-05-20  lightgbm/global  6.4s
  2026-05-21  lightgbm/global  6.4s
  2026-05-22  lightgbm/global  6.4s
  2026-05-23  lightgbm/global  6.4s
  2026-05-24  lightgbm/global  6.3s
  2026-05-25  lightgbm/global  6.5s
  2026-05-26  lightgbm/global  6.4s
  2026-05-27  lightgbm/global  6.4s
  2026-05-28  lightgbm/global  6.3s
  2026-05-29  lightgbm/global  6.4s
  2026-05-30  lightgbm/global  6.4s
  2026-05-31  lightgbm/global  6.4s
  2026-06-01  lightgbm/global  6.4s
  2026-06-02  lightgbm/global  6.4s
  2026-06-03  lightgbm/global  6.5s
  2026-06-04  lightgbm/global  6.5s
  2026-06-05  lightgbm/global  6.5s
  2026-06-06  lightgbm/global  6.5s
  2026-06-07  lightgbm/global  6.5s
  2026-06-08  lightgbm/global  8.4s
  2026-06-09  lightgbm/global  6.2s
  2026-06-10  lightgbm/global  6.3s
  2026-06-11  lightgbm/global  6.3s
  2026-06-12  lightgbm/global  6.3s
  2026-06-13  lightgbm/global  6.4s
  2026-06-14  lightgbm/global  6.3s
  2026-06-15  lightgbm/global  6.4s
  2026-06-16  lightgbm/global  6.4s
  2026-06-17  lightgbm/global  6.4s
  2026-06-18  lightgbm/global  6.6s
  2026-06-19  lightgbm/global  6.5s
  2026-06-20  lightgbm/global  6.4s
  2026-06-21  lightgbm/global  6.4s
  2026-06-22  lightgbm/global  6.6s
  2026-06-23  lightgbm/global  6.5s
  2026-06-24  lightgbm/global  6.5s
  2026-06-25  lightgbm/global  6.5s
  2026-06-26  lightgbm/global  6.5s
  2026-06-27  lightgbm/global  6.4s
  2026-06-28  lightgbm/global  6.3s
  2026-06-29  lightgbm/global  6.3s
  2026-06-30  lightgbm/global  6.5s
  2026-07-01  lightgbm/global  6.4s
  2026-07-02  lightgbm/global  6.4s
  2026-07-03  lightgbm/global  6.3s
  2026-07-04  lightgbm/global  6.3s
  2026-07-05  lightgbm/global  6.3s
  2026-07-06  lightgbm/global  6.2s
  2026-07-07  lightgbm/global  6.3s
  2026-07-08  lightgbm/global  6.3s
  2026-07-09  lightgbm/global  6.2s
  2026-07-10  lightgbm/global  6.3s
  2026-07-11  lightgbm/global  6.2s
  2026-07-12  lightgbm/global  6.3s
  2026-07-13  lightgbm/global  6.2s
  2026-07-14  lightgbm/global  6.2s
  2026-07-15  lightgbm/global  8.1s
  2026-07-16  lightgbm/global  6.2s
  2026-07-17  lightgbm/global  6.3s
  2026-07-18  lightgbm/global  6.3s
  2026-07-19  lightgbm/global  6.2s
  2026-07-20  lightgbm/global  8.1s
  2026-07-21  lightgbm/global  6.2s
  2026-07-22  lightgbm/global  6.2s
  2026-07-23  lightgbm/global  6.2s
  2026-07-24  lightgbm/global  6.2s
  2026-07-25  lightgbm/global  6.2s
  2026-07-26  lightgbm/global  6.2s
  2026-07-27  lightgbm/global  6.3s
  2026-07-28  lightgbm/global  6.2s
  2026-07-29  lightgbm/global  6.3s
  2026-07-30  lightgbm/global  6.2s
  2026-07-31  lightgbm/global  6.3s

--- Load Forecast Metrics ---
target     model  period         mae          mse        rmse       r2  nrmse_mean_load_pct         bias  mean_actual_mw  n_obs
  Load     Model    full 1518.351741 3.942597e+06 1985.597270 0.954689             3.604770    18.282276    55082.499858  24000
  Load Benchmark    full 2218.851490 7.941031e+06 2817.983510 0.908736             5.115932   246.182454    55082.499858  24000
  Load     Model 2025-11 1868.277999 4.760207e+06 2181.789838 0.943573             3.609147   821.003954    60451.677749    768
  Load Benchmark 2025-11 1677.937540 4.808705e+06 2192.876066 0.942998             3.627486  -579.997322    60451.677749    768
  Load     Model 2025-12 1803.675895 5.679723e+06 2383.216905 0.931169             4.148835   254.706270    57443.040583   2976
  Load Benchmark 2025-12 2076.211252 7.071829e+06 2659.291051 0.914298             4.629440    34.466456    57443.040583   2976
  Load     Model 2026-01 2125.887397 7.603095e+06 2757.371054 0.907542             4.396998  -649.817815    62710.308324   2880
  Load Benchmark 2026-01 2987.558611 1.369020e+07 3700.027319 0.833520             5.900190 -2301.526364    62710.308324   2880
  Load     Model 2026-02 1344.049954 3.057587e+06 1748.595605 0.961508             2.848689   627.423752    61382.468453   2688
  Load Benchmark 2026-02 1960.133941 6.086210e+06 2467.024535 0.923381             4.019103  -381.973662    61382.468453   2688
  Load     Model 2026-03 1245.023137 2.705800e+06 1644.931748 0.955587             2.994481  -387.816396    54932.110143   2976
  Load Benchmark 2026-03 1868.787775 5.906561e+06 2430.341790 0.903051             4.424264   705.076382    54932.110143   2976
  Load     Model 2026-04 1480.235874 3.577568e+06 1891.446138 0.934421             3.655640   292.261643    51740.487371   2880
  Load Benchmark 2026-04 2333.643710 8.933132e+06 2988.834629 0.836249             5.776588  1841.596538    51740.487371   2880
  Load     Model 2026-05 1318.234833 2.686858e+06 1639.163881 0.950185             3.368133  -155.410604    48666.844910   2976
  Load Benchmark 2026-05 2438.753320 9.158442e+06 3026.291745 0.830200             6.218385  1748.104965    48666.844910   2976
  Load     Model 2026-06 1397.095236 3.226723e+06 1796.308063 0.935465             3.479821   -58.037536    51620.708717   2880
  Load Benchmark 2026-06 2302.821731 8.067365e+06 2840.310723 0.838652             5.502270   236.865027    51620.708717   2880
  Load     Model 2026-07 1339.897016 2.789988e+06 1670.325788 0.941682             3.248733    59.568586    51414.691249   2976
  Load Benchmark 2026-07 1928.663793 5.464886e+06 2337.709556 0.885769             4.546773   208.248928    51414.691249   2976
Saved load forecast outputs -> /Users/davideiglsperger/Code/DA_Price_Forecasting_Pipeline_DE_LU/results/load_forecast_results/rq3_clean/load_1100_correction_morning0915_warmup
