
--- Building Renewable Generation Dataset ---
Dataset: 30,593 rows, 415 columns

--- Rolling Renewable Generation Forecast ---
  2025-11-23  hist_gradient_boosting  0.0s
  2025-11-24  hist_gradient_boosting  0.0s
  2025-11-25  hist_gradient_boosting  0.0s
  2025-11-26  hist_gradient_boosting  0.0s
  2025-11-27  hist_gradient_boosting  0.0s
  2025-11-28  hist_gradient_boosting  0.1s
  2025-11-29  hist_gradient_boosting  0.0s
  2025-11-30  hist_gradient_boosting  0.0s
  2025-12-01  hist_gradient_boosting  0.0s
  2025-12-02  hist_gradient_boosting  0.0s
  2025-12-03  hist_gradient_boosting  0.0s
  2025-12-04  hist_gradient_boosting  0.0s
  2025-12-05  hist_gradient_boosting  0.0s
  2025-12-06  hist_gradient_boosting  0.1s
  2025-12-07  hist_gradient_boosting  0.0s
  2025-12-08  hist_gradient_boosting  0.0s
  2025-12-09  hist_gradient_boosting  0.0s
  2025-12-10  hist_gradient_boosting  0.0s
  2025-12-11  hist_gradient_boosting  0.0s
  2025-12-12  hist_gradient_boosting  0.0s
  2025-12-13  hist_gradient_boosting  0.0s
  2025-12-14  hist_gradient_boosting  0.0s
  2025-12-15  hist_gradient_boosting  0.1s
  2025-12-16  hist_gradient_boosting  0.0s
  2025-12-17  hist_gradient_boosting  0.0s
  2025-12-18  hist_gradient_boosting  0.0s
  2025-12-19  hist_gradient_boosting  0.0s
  2025-12-20  hist_gradient_boosting  0.0s
  2025-12-21  hist_gradient_boosting  0.0s
  2025-12-22  hist_gradient_boosting  0.0s
  2025-12-23  hist_gradient_boosting  0.1s
  2025-12-24  hist_gradient_boosting  0.0s
  2025-12-25  hist_gradient_boosting  0.0s
  2025-12-26  hist_gradient_boosting  0.0s
  2025-12-27  hist_gradient_boosting  0.0s
  2025-12-28  hist_gradient_boosting  0.0s
  2025-12-29  hist_gradient_boosting  16.5s
  2025-12-30  hist_gradient_boosting  18.3s
  2025-12-31  hist_gradient_boosting  20.3s
  2026-01-01  hist_gradient_boosting  22.4s
  2026-01-02  hist_gradient_boosting  36.5s
  2026-01-03  hist_gradient_boosting  50.9s
  2026-01-04  hist_gradient_boosting  48.9s
  2026-01-05  hist_gradient_boosting  55.9s
  2026-01-06  hist_gradient_boosting  50.4s
  2026-01-07  hist_gradient_boosting  57.1s
  2026-01-08  hist_gradient_boosting  72.7s
  2026-01-09  hist_gradient_boosting  68.5s
  2026-01-10  hist_gradient_boosting  80.5s
  2026-01-11  hist_gradient_boosting  75.6s
  2026-01-12  hist_gradient_boosting  69.5s
  2026-01-13  hist_gradient_boosting  65.4s
  2026-01-14  hist_gradient_boosting  71.0s
  2026-01-15  hist_gradient_boosting  71.9s
  2026-01-16  hist_gradient_boosting  68.4s
  2026-01-17  hist_gradient_boosting  64.8s
  2026-01-18  hist_gradient_boosting  67.2s
  2026-01-19  hist_gradient_boosting  79.8s
  2026-01-20  hist_gradient_boosting  70.5s
  2026-01-21  hist_gradient_boosting  73.4s
  2026-01-22  hist_gradient_boosting  67.9s
  2026-01-23  hist_gradient_boosting  73.3s
  2026-01-24  hist_gradient_boosting  70.0s
  2026-01-25  hist_gradient_boosting  70.4s
  2026-01-26  hist_gradient_boosting  67.9s
  2026-01-27  hist_gradient_boosting  74.8s
  2026-01-28  hist_gradient_boosting  70.4s
  2026-01-29  hist_gradient_boosting  66.9s
  2026-01-30  hist_gradient_boosting  67.4s
  2026-01-31  hist_gradient_boosting  77.5s
  2026-02-01  hist_gradient_boosting  84.9s
  2026-02-02  hist_gradient_boosting  80.8s
  2026-02-03  hist_gradient_boosting  78.6s
  2026-02-04  hist_gradient_boosting  89.9s
  2026-02-05  hist_gradient_boosting  79.3s
  2026-02-06  hist_gradient_boosting  73.7s
  2026-02-07  hist_gradient_boosting  67.9s
  2026-02-08  hist_gradient_boosting  67.5s
  2026-02-09  hist_gradient_boosting  48.4s
  2026-02-10  hist_gradient_boosting  45.7s
  2026-02-11  hist_gradient_boosting  39.5s
  2026-02-12  hist_gradient_boosting  24.7s
  2026-02-13  hist_gradient_boosting  28.9s
  2026-02-14  hist_gradient_boosting  25.2s
  2026-02-15  hist_gradient_boosting  26.4s
  2026-02-16  hist_gradient_boosting  27.3s
  2026-02-17  hist_gradient_boosting  28.5s
  2026-02-18  hist_gradient_boosting  26.5s
  2026-02-19  hist_gradient_boosting  26.8s
  2026-02-20  hist_gradient_boosting  25.8s
  2026-02-21  hist_gradient_boosting  27.5s
  2026-02-22  hist_gradient_boosting  26.2s
  2026-02-23  hist_gradient_boosting  24.7s
  2026-02-24  hist_gradient_boosting  24.5s
  2026-02-25  hist_gradient_boosting  24.5s
  2026-02-26  hist_gradient_boosting  24.7s
  2026-02-27  hist_gradient_boosting  24.8s
  2026-02-28  hist_gradient_boosting  24.8s
  2026-03-01  hist_gradient_boosting  24.8s
  2026-03-02  hist_gradient_boosting  25.0s
  2026-03-03  hist_gradient_boosting  24.7s
  2026-03-04  hist_gradient_boosting  24.8s
  2026-03-05  hist_gradient_boosting  24.9s
  2026-03-06  hist_gradient_boosting  25.0s
  2026-03-07  hist_gradient_boosting  24.9s
  2026-03-08  hist_gradient_boosting  24.8s
  2026-03-09  hist_gradient_boosting  25.0s
  2026-03-10  hist_gradient_boosting  25.0s
  2026-03-11  hist_gradient_boosting  25.0s
  2026-03-12  hist_gradient_boosting  24.9s
  2026-03-13  hist_gradient_boosting  24.9s
  2026-03-14  hist_gradient_boosting  25.1s
  2026-03-15  hist_gradient_boosting  25.1s
  2026-03-16  hist_gradient_boosting  25.1s
  2026-03-17  hist_gradient_boosting  24.9s
  2026-03-18  hist_gradient_boosting  25.1s
  2026-03-19  hist_gradient_boosting  25.7s
  2026-03-20  hist_gradient_boosting  26.4s
  2026-03-21  hist_gradient_boosting  33.2s
  2026-03-22  hist_gradient_boosting  27.9s
  2026-03-23  hist_gradient_boosting  27.9s
  2026-03-24  hist_gradient_boosting  25.6s
  2026-03-25  hist_gradient_boosting  26.2s
  2026-03-26  hist_gradient_boosting  28.4s
  2026-03-27  hist_gradient_boosting  31.8s
  2026-03-28  hist_gradient_boosting  29.3s
  2026-03-29  hist_gradient_boosting  25.5s
  2026-03-30  hist_gradient_boosting  25.8s
  2026-03-31  hist_gradient_boosting  25.9s
  2026-04-01  hist_gradient_boosting  26.4s
  2026-04-02  hist_gradient_boosting  26.1s
  2026-04-03  hist_gradient_boosting  26.8s
  2026-04-04  hist_gradient_boosting  26.3s
  2026-04-05  hist_gradient_boosting  25.7s
  2026-04-06  hist_gradient_boosting  24.5s
  2026-04-07  hist_gradient_boosting  25.4s
  2026-04-08  hist_gradient_boosting  25.9s
  2026-04-09  hist_gradient_boosting  25.1s
  2026-04-10  hist_gradient_boosting  26.4s
  2026-04-11  hist_gradient_boosting  28.3s
  2026-04-12  hist_gradient_boosting  25.3s
  2026-04-13  hist_gradient_boosting  25.0s
  2026-04-14  hist_gradient_boosting  25.4s
  2026-04-15  hist_gradient_boosting  26.8s
  2026-04-16  hist_gradient_boosting  25.7s
  2026-04-17  hist_gradient_boosting  25.9s
  2026-04-18  hist_gradient_boosting  26.6s
  2026-04-19  hist_gradient_boosting  25.1s
  2026-04-20  hist_gradient_boosting  25.1s
  2026-04-21  hist_gradient_boosting  25.0s
  2026-04-22  hist_gradient_boosting  25.7s
  2026-04-23  hist_gradient_boosting  24.8s
  2026-04-24  hist_gradient_boosting  25.1s
  2026-04-25  hist_gradient_boosting  25.2s
  2026-04-26  hist_gradient_boosting  25.7s
  2026-04-27  hist_gradient_boosting  26.0s
  2026-04-28  hist_gradient_boosting  30.6s
  2026-04-29  hist_gradient_boosting  31.1s
  2026-04-30  hist_gradient_boosting  27.3s
  2026-05-01  hist_gradient_boosting  26.6s
  2026-05-02  hist_gradient_boosting  29.0s
  2026-05-03  hist_gradient_boosting  25.8s
  2026-05-04  hist_gradient_boosting  26.1s
  2026-05-05  hist_gradient_boosting  25.6s
  2026-05-06  hist_gradient_boosting  25.4s
  2026-05-07  hist_gradient_boosting  25.3s
  2026-05-08  hist_gradient_boosting  25.3s
  2026-05-09  hist_gradient_boosting  25.2s
  2026-05-10  hist_gradient_boosting  25.3s
  2026-05-11  hist_gradient_boosting  25.3s
  2026-05-12  hist_gradient_boosting  25.4s
  2026-05-13  hist_gradient_boosting  25.3s
  2026-05-14  hist_gradient_boosting  25.9s
  2026-05-15  hist_gradient_boosting  26.1s
  2026-05-16  hist_gradient_boosting  27.3s
  2026-05-17  hist_gradient_boosting  28.9s
  2026-05-18  hist_gradient_boosting  30.5s
  2026-05-19  hist_gradient_boosting  25.6s
  2026-05-20  hist_gradient_boosting  25.7s
  2026-05-21  hist_gradient_boosting  26.7s
  2026-05-22  hist_gradient_boosting  28.7s
  2026-05-23  hist_gradient_boosting  26.8s
  2026-05-24  hist_gradient_boosting  25.7s
  2026-05-25  hist_gradient_boosting  25.8s
  2026-05-26  hist_gradient_boosting  25.8s
  2026-05-27  hist_gradient_boosting  26.1s
  2026-05-28  hist_gradient_boosting  30.9s
  2026-05-29  hist_gradient_boosting  28.3s
  2026-05-30  hist_gradient_boosting  29.6s
  2026-05-31  hist_gradient_boosting  29.8s
  2026-06-01  hist_gradient_boosting  26.5s
  2026-06-02  hist_gradient_boosting  26.4s
  2026-06-03  hist_gradient_boosting  27.0s
  2026-06-04  hist_gradient_boosting  27.7s
  2026-06-05  hist_gradient_boosting  26.0s
  2026-06-06  hist_gradient_boosting  25.4s
  2026-06-07  hist_gradient_boosting  25.8s
  2026-06-08  hist_gradient_boosting  26.5s
  2026-06-09  hist_gradient_boosting  29.9s
  2026-06-10  hist_gradient_boosting  30.0s
  2026-06-11  hist_gradient_boosting  27.4s
  2026-06-12  hist_gradient_boosting  26.2s
  2026-06-13  hist_gradient_boosting  27.4s
  2026-06-14  hist_gradient_boosting  28.0s
  2026-06-15  hist_gradient_boosting  32.4s
  2026-06-16  hist_gradient_boosting  26.2s
  2026-06-17  hist_gradient_boosting  27.1s
  2026-06-18  hist_gradient_boosting  29.3s
  2026-06-19  hist_gradient_boosting  26.9s
  2026-06-20  hist_gradient_boosting  26.4s
  2026-06-21  hist_gradient_boosting  26.0s
  2026-06-22  hist_gradient_boosting  28.5s
  2026-06-23  hist_gradient_boosting  27.3s
  2026-06-24  hist_gradient_boosting  25.3s
  2026-06-25  hist_gradient_boosting  25.6s
  2026-06-26  hist_gradient_boosting  25.6s
  2026-06-27  hist_gradient_boosting  26.3s
  2026-06-28  hist_gradient_boosting  26.3s
  2026-06-29  hist_gradient_boosting  27.5s
  2026-06-30  hist_gradient_boosting  26.2s
  2026-07-01  hist_gradient_boosting  26.0s
  2026-07-02  hist_gradient_boosting  25.8s
  2026-07-03  hist_gradient_boosting  28.6s
  2026-07-04  hist_gradient_boosting  26.4s
  2026-07-05  hist_gradient_boosting  33.9s
  2026-07-06  hist_gradient_boosting  26.0s
  2026-07-07  hist_gradient_boosting  29.3s
  2026-07-08  hist_gradient_boosting  28.2s
  2026-07-09  hist_gradient_boosting  26.2s
  2026-07-10  hist_gradient_boosting  25.6s
  2026-07-11  hist_gradient_boosting  25.8s
  2026-07-12  hist_gradient_boosting  25.6s
  2026-07-13  hist_gradient_boosting  25.8s
  2026-07-14  hist_gradient_boosting  25.7s
  2026-07-15  hist_gradient_boosting  25.7s
  2026-07-16  hist_gradient_boosting  25.9s
  2026-07-17  hist_gradient_boosting  26.6s
  2026-07-18  hist_gradient_boosting  30.6s
  2026-07-19  hist_gradient_boosting  28.4s
  2026-07-20  hist_gradient_boosting  32.2s
  2026-07-21  hist_gradient_boosting  35.4s
  2026-07-22  hist_gradient_boosting  30.4s
  2026-07-23  hist_gradient_boosting  29.2s
  2026-07-24  hist_gradient_boosting  30.1s
  2026-07-25  hist_gradient_boosting  27.8s
  2026-07-26  hist_gradient_boosting  27.3s
  2026-07-27  hist_gradient_boosting  26.6s
  2026-07-28  hist_gradient_boosting  27.2s
  2026-07-29  hist_gradient_boosting  28.8s
  2026-07-30  hist_gradient_boosting  29.2s
  2026-07-31  hist_gradient_boosting  26.2s

--- Renewable Generation Metrics ---
          target  period         mae          mse        rmse    nrmse  nrmse_pct       r2        bias  installed_capacity_mw  n_obs
Solar_TransnetBW    full  205.053009 2.117775e+05  460.192940 0.070970   7.097023 0.958198  -34.405630            6484.309757  20640
Solar_TransnetBW 2025-11         NaN          NaN         NaN      NaN        NaN      NaN         NaN            6484.309757      0
Solar_TransnetBW 2025-12   48.106873 9.777467e+03   98.881076 0.015249   1.524928 0.989043    6.403454            6484.309757    288
Solar_TransnetBW 2026-01  122.555061 8.081882e+04  284.286510 0.043842   4.384222 0.884994  -13.056669            6484.309757   2976
Solar_TransnetBW 2026-02  170.073797 1.359134e+05  368.664314 0.056855   5.685483 0.881707   -5.438114            6484.309757   2688
Solar_TransnetBW 2026-03  157.590890 9.661472e+04  310.829083 0.047936   4.793557 0.975679   15.649481            6484.309757   2976
Solar_TransnetBW 2026-04  217.549242 1.600721e+05  400.090073 0.061701   6.170126 0.975610  -44.340202            6484.309757   2880
Solar_TransnetBW 2026-05  226.304867 1.782850e+05  422.238073 0.065117   6.511689 0.971567  -69.148876            6484.309757   2976
Solar_TransnetBW 2026-06  344.609632 7.076706e+05  841.231572 0.129733  12.973340 0.890556 -114.167652            6484.309757   2880
Solar_TransnetBW 2026-07  213.395757 1.496036e+05  386.786239 0.059650   5.964956 0.977463  -14.376774            6484.309757   2976
   Solar_Amprion    full  404.866934 8.338370e+05  913.146749 0.097880   9.787998 0.939372 -150.594290            9329.249789  20256
   Solar_Amprion 2025-11         NaN          NaN         NaN      NaN        NaN      NaN         NaN            9329.249789      0
   Solar_Amprion 2025-12         NaN          NaN         NaN      NaN        NaN      NaN         NaN            9329.249789      0
   Solar_Amprion 2026-01  168.276936 1.477753e+05  384.415528 0.041205   4.120541 0.812553   -0.638665            9329.249789   2880
   Solar_Amprion 2026-02  179.107964 1.615269e+05  401.904032 0.043080   4.307999 0.930777  -11.717004            9329.249789   2688
   Solar_Amprion 2026-03  228.833220 2.037658e+05  451.404256 0.048386   4.838591 0.979300  -19.936888            9329.249789   2976
   Solar_Amprion 2026-04  443.998756 7.444228e+05  862.799377 0.092483   9.248325 0.955442 -254.748195            9329.249789   2880
   Solar_Amprion 2026-05  456.241797 8.003357e+05  894.614847 0.095894   9.589355 0.949716 -150.756665            9329.249789   2976
   Solar_Amprion 2026-06  672.289366 2.170830e+06 1473.373697 0.157931  15.793057 0.879527 -351.277729            9329.249789   2880
   Solar_Amprion 2026-07  665.729769 1.561254e+06 1249.501338 0.133934  13.393374 0.921289 -256.641333            9329.249789   2976
   Solar_50Hertz    full  407.423120 7.507627e+05  866.465646 0.039353   3.935318 0.955246   -2.272820           22017.679115  20160
   Solar_50Hertz 2025-11         NaN          NaN         NaN      NaN        NaN      NaN         NaN           22017.679115      0
   Solar_50Hertz 2025-12         NaN          NaN         NaN      NaN        NaN      NaN         NaN           22017.679115      0
   Solar_50Hertz 2026-01  181.309956 2.488242e+05  498.822795 0.022656   2.265556 0.855602   21.488004           22017.679115   2784
   Solar_50Hertz 2026-02  246.319443 2.841151e+05  533.024516 0.024209   2.420893 0.931195  -40.324970           22017.679115   2688
   Solar_50Hertz 2026-03  311.377602 3.752287e+05  612.559128 0.027821   2.782124 0.974526   68.605615           22017.679115   2976
   Solar_50Hertz 2026-04  480.444721 7.935165e+05  890.795443 0.040458   4.045819 0.960537   90.898427           22017.679115   2880
   Solar_50Hertz 2026-05  461.103719 6.313852e+05  794.597529 0.036089   3.608907 0.969392  -94.160760           22017.679115   2976
   Solar_50Hertz 2026-06  646.013832 2.153312e+06 1467.416631 0.066647   6.664720 0.894427  -48.025517           22017.679115   2880
   Solar_50Hertz 2026-07  505.265954 7.380378e+05  859.091252 0.039018   3.901825 0.964043  -15.010419           22017.679115   2976
    Solar_TenneT    full  463.992532 1.148300e+06 1071.587832 0.037881   3.788097 0.964308  -35.313125           28288.291824  19680
    Solar_TenneT 2025-11         NaN          NaN         NaN      NaN        NaN      NaN         NaN           28288.291824      0
    Solar_TenneT 2025-12         NaN          NaN         NaN      NaN        NaN      NaN         NaN           28288.291824      0
    Solar_TenneT 2026-01  280.642765 4.029486e+05  634.782335 0.022440   2.243975 0.900788  -35.830295           28288.291824   2304
    Solar_TenneT 2026-02  285.217173 3.486191e+05  590.439729 0.020872   2.087223 0.942278   19.556766           28288.291824   2688
    Solar_TenneT 2026-03  345.042807 4.137926e+05  643.267119 0.022740   2.273969 0.982113   62.134867           28288.291824   2976
    Solar_TenneT 2026-04  534.882285 9.375657e+05  968.279789 0.034229   3.422899 0.976881  -44.009977           28288.291824   2880
    Solar_TenneT 2026-05  433.645190 5.214054e+05  722.084079 0.025526   2.552590 0.988229 -136.413361           28288.291824   2976
    Solar_TenneT 2026-06  827.644767 4.580988e+06 2140.324349 0.075661   7.566114 0.863994  -54.951616           28288.291824   2880
    Solar_TenneT 2026-07  496.187818 6.910238e+05  831.278415 0.029386   2.938595 0.982994  -53.399092           28288.291824   2976
           Solar    full 1058.581118 6.300080e+06 2509.996073 0.037961   3.796149 0.974420 -181.295375           66119.530485  19680
           Solar 2025-11         NaN          NaN         NaN      NaN        NaN      NaN         NaN           66119.530485      0
           Solar 2025-12         NaN          NaN         NaN      NaN        NaN      NaN         NaN           66119.530485      0
           Solar 2026-01  572.695573 1.733644e+06 1316.679233 0.019914   1.991362 0.932454  -21.365164           66119.530485   2304
           Solar 2026-02  620.228123 1.670095e+06 1292.321702 0.019545   1.954523 0.964110  -52.477064           66119.530485   2688
           Solar 2026-03  696.512901 1.884955e+06 1372.936796 0.020764   2.076447 0.989893   69.003146           66119.530485   2976
           Solar 2026-04 1122.663644 3.925285e+06 1981.233262 0.029964   2.996442 0.986973 -282.983302           66119.530485   2880
           Solar 2026-05 1053.095169 3.667349e+06 1915.032298 0.028963   2.896319 0.988165 -376.049174           66119.530485   2976
           Solar 2026-06 1929.744045 2.533905e+07 5033.790708 0.076132   7.613168 0.912308 -397.429803           66119.530485   2880
           Solar 2026-07 1293.160230 4.938544e+06 2222.283585 0.033610   3.361009 0.984395 -169.439035           66119.530485   2976
Saved renewable generation outputs -> /Users/davideiglsperger/Code/DA_Price_Forecasting_Pipeline_DE_LU/results/renewable_generation_results/rq3_clean/solar_1100_limit0915_warmup
