
--- Building Renewable Generation Dataset ---
Dataset: 30,593 rows, 415 columns

--- Rolling Renewable Generation Forecast ---
  2025-11-23  hist_gradient_boosting  0.0s
  2025-11-24  hist_gradient_boosting  0.0s
  2025-11-25  hist_gradient_boosting  0.0s
  2025-11-26  hist_gradient_boosting  0.0s
  2025-11-27  hist_gradient_boosting  0.0s
  2025-11-28  hist_gradient_boosting  0.1s
  2025-11-29  hist_gradient_boosting  0.0s
  2025-11-30  hist_gradient_boosting  0.0s
  2025-12-01  hist_gradient_boosting  0.0s
  2025-12-02  hist_gradient_boosting  0.0s
  2025-12-03  hist_gradient_boosting  0.0s
  2025-12-04  hist_gradient_boosting  0.0s
  2025-12-05  hist_gradient_boosting  0.0s
  2025-12-06  hist_gradient_boosting  0.1s
  2025-12-07  hist_gradient_boosting  0.0s
  2025-12-08  hist_gradient_boosting  0.0s
  2025-12-09  hist_gradient_boosting  0.0s
  2025-12-10  hist_gradient_boosting  0.0s
  2025-12-11  hist_gradient_boosting  0.0s
  2025-12-12  hist_gradient_boosting  0.0s
  2025-12-13  hist_gradient_boosting  0.0s
  2025-12-14  hist_gradient_boosting  0.0s
  2025-12-15  hist_gradient_boosting  0.1s
  2025-12-16  hist_gradient_boosting  0.0s
  2025-12-17  hist_gradient_boosting  0.0s
  2025-12-18  hist_gradient_boosting  0.0s
  2025-12-19  hist_gradient_boosting  0.0s
  2025-12-20  hist_gradient_boosting  0.0s
  2025-12-21  hist_gradient_boosting  0.0s
  2025-12-22  hist_gradient_boosting  0.0s
  2025-12-23  hist_gradient_boosting  0.1s
  2025-12-24  hist_gradient_boosting  0.0s
  2025-12-25  hist_gradient_boosting  0.0s
  2025-12-26  hist_gradient_boosting  0.0s
  2025-12-27  hist_gradient_boosting  0.0s
  2025-12-28  hist_gradient_boosting  0.0s
  2025-12-29  hist_gradient_boosting  33.7s
  2025-12-30  hist_gradient_boosting  31.1s
  2025-12-31  hist_gradient_boosting  24.9s
  2026-01-01  hist_gradient_boosting  23.9s
  2026-01-02  hist_gradient_boosting  64.4s
  2026-01-03  hist_gradient_boosting  78.7s
  2026-01-04  hist_gradient_boosting  91.5s
  2026-01-05  hist_gradient_boosting  85.2s
  2026-01-06  hist_gradient_boosting  82.5s
  2026-01-07  hist_gradient_boosting  91.8s
  2026-01-08  hist_gradient_boosting  116.6s
  2026-01-09  hist_gradient_boosting  115.8s
  2026-01-10  hist_gradient_boosting  115.1s
  2026-01-11  hist_gradient_boosting  114.8s
  2026-01-12  hist_gradient_boosting  115.1s
  2026-01-13  hist_gradient_boosting  119.3s
  2026-01-14  hist_gradient_boosting  121.4s
  2026-01-15  hist_gradient_boosting  121.5s
  2026-01-16  hist_gradient_boosting  120.6s
  2026-01-17  hist_gradient_boosting  117.3s
  2026-01-18  hist_gradient_boosting  115.8s
  2026-01-19  hist_gradient_boosting  115.2s
  2026-01-20  hist_gradient_boosting  123.6s
  2026-01-21  hist_gradient_boosting  124.8s
  2026-01-22  hist_gradient_boosting  125.2s
  2026-01-23  hist_gradient_boosting  123.5s
  2026-01-24  hist_gradient_boosting  118.8s
  2026-01-25  hist_gradient_boosting  120.0s
  2026-01-26  hist_gradient_boosting  120.0s
  2026-01-27  hist_gradient_boosting  123.9s
  2026-01-28  hist_gradient_boosting  125.5s
  2026-01-29  hist_gradient_boosting  126.1s
  2026-01-30  hist_gradient_boosting  125.8s
  2026-01-31  hist_gradient_boosting  124.6s
  2026-02-01  hist_gradient_boosting  123.3s
  2026-02-02  hist_gradient_boosting  121.8s
  2026-02-03  hist_gradient_boosting  120.3s
  2026-02-04  hist_gradient_boosting  128.2s
  2026-02-05  hist_gradient_boosting  130.0s
  2026-02-06  hist_gradient_boosting  130.3s
  2026-02-07  hist_gradient_boosting  116.3s
  2026-02-08  hist_gradient_boosting  107.3s
  2026-02-09  hist_gradient_boosting  105.6s
  2026-02-10  hist_gradient_boosting  114.1s
  2026-02-11  hist_gradient_boosting  115.5s
  2026-02-12  hist_gradient_boosting  115.3s
  2026-02-13  hist_gradient_boosting  109.0s
  2026-02-14  hist_gradient_boosting  107.1s
  2026-02-15  hist_gradient_boosting  110.8s
  2026-02-16  hist_gradient_boosting  117.2s
  2026-02-17  hist_gradient_boosting  116.7s
  2026-02-18  hist_gradient_boosting  112.2s
  2026-02-19  hist_gradient_boosting  109.3s
  2026-02-20  hist_gradient_boosting  108.1s
  2026-02-21  hist_gradient_boosting  118.3s
  2026-02-22  hist_gradient_boosting  119.2s
  2026-02-23  hist_gradient_boosting  115.2s
  2026-02-24  hist_gradient_boosting  108.7s
  2026-02-25  hist_gradient_boosting  108.1s
  2026-02-26  hist_gradient_boosting  114.4s
  2026-02-27  hist_gradient_boosting  119.0s
  2026-02-28  hist_gradient_boosting  117.8s
  2026-03-01  hist_gradient_boosting  112.3s
  2026-03-02  hist_gradient_boosting  110.3s
  2026-03-03  hist_gradient_boosting  111.3s
  2026-03-04  hist_gradient_boosting  119.5s
  2026-03-05  hist_gradient_boosting  119.9s
  2026-03-06  hist_gradient_boosting  117.0s
  2026-03-07  hist_gradient_boosting  111.7s
  2026-03-08  hist_gradient_boosting  109.7s
  2026-03-09  hist_gradient_boosting  117.0s
  2026-03-10  hist_gradient_boosting  120.9s
  2026-03-11  hist_gradient_boosting  120.0s
  2026-03-12  hist_gradient_boosting  115.1s
  2026-03-13  hist_gradient_boosting  112.5s
  2026-03-14  hist_gradient_boosting  113.4s
  2026-03-15  hist_gradient_boosting  120.9s
  2026-03-16  hist_gradient_boosting  121.7s
  2026-03-17  hist_gradient_boosting  119.0s
  2026-03-18  hist_gradient_boosting  112.7s
  2026-03-19  hist_gradient_boosting  113.3s
  2026-03-20  hist_gradient_boosting  118.8s
  2026-03-21  hist_gradient_boosting  123.5s
  2026-03-22  hist_gradient_boosting  122.2s
  2026-03-23  hist_gradient_boosting  117.3s
  2026-03-24  hist_gradient_boosting  114.2s
  2026-03-25  hist_gradient_boosting  115.2s
  2026-03-26  hist_gradient_boosting  121.9s
  2026-03-27  hist_gradient_boosting  124.1s
  2026-03-28  hist_gradient_boosting  120.8s
  2026-03-29  hist_gradient_boosting  116.2s
  2026-03-30  hist_gradient_boosting  115.1s
  2026-03-31  hist_gradient_boosting  119.6s
  2026-04-01  hist_gradient_boosting  123.9s
  2026-04-02  hist_gradient_boosting  124.1s
  2026-04-03  hist_gradient_boosting  119.4s
  2026-04-04  hist_gradient_boosting  115.8s
  2026-04-05  hist_gradient_boosting  117.6s
  2026-04-06  hist_gradient_boosting  123.3s
  2026-04-07  hist_gradient_boosting  125.5s
  2026-04-08  hist_gradient_boosting  123.3s
  2026-04-09  hist_gradient_boosting  119.3s
  2026-04-10  hist_gradient_boosting  117.8s
  2026-04-11  hist_gradient_boosting  121.0s
  2026-04-12  hist_gradient_boosting  124.7s
  2026-04-13  hist_gradient_boosting  125.8s
  2026-04-14  hist_gradient_boosting  122.0s
  2026-04-15  hist_gradient_boosting  119.0s
  2026-04-16  hist_gradient_boosting  119.8s
  2026-04-17  hist_gradient_boosting  125.2s
  2026-04-18  hist_gradient_boosting  126.2s
  2026-04-19  hist_gradient_boosting  124.5s
  2026-04-20  hist_gradient_boosting  121.1s
  2026-04-21  hist_gradient_boosting  119.7s
  2026-04-22  hist_gradient_boosting  122.7s
  2026-04-23  hist_gradient_boosting  125.7s
  2026-04-24  hist_gradient_boosting  126.1s
  2026-04-25  hist_gradient_boosting  123.4s
  2026-04-26  hist_gradient_boosting  120.8s
  2026-04-27  hist_gradient_boosting  121.8s
  2026-04-28  hist_gradient_boosting  128.0s
  2026-04-29  hist_gradient_boosting  127.1s
  2026-04-30  hist_gradient_boosting  126.7s
  2026-05-01  hist_gradient_boosting  121.8s
  2026-05-02  hist_gradient_boosting  122.3s
  2026-05-03  hist_gradient_boosting  125.6s
  2026-05-04  hist_gradient_boosting  129.2s
  2026-05-05  hist_gradient_boosting  127.9s
  2026-05-06  hist_gradient_boosting  126.1s
  2026-05-07  hist_gradient_boosting  122.1s
  2026-05-08  hist_gradient_boosting  124.0s
  2026-05-09  hist_gradient_boosting  128.4s
  2026-05-10  hist_gradient_boosting  129.5s
  2026-05-11  hist_gradient_boosting  125.4s
  2026-05-12  hist_gradient_boosting  123.0s
  2026-05-13  hist_gradient_boosting  121.7s
  2026-05-14  hist_gradient_boosting  122.1s
  2026-05-15  hist_gradient_boosting  126.8s
  2026-05-16  hist_gradient_boosting  126.7s
  2026-05-17  hist_gradient_boosting  123.9s
  2026-05-18  hist_gradient_boosting  121.4s
  2026-05-19  hist_gradient_boosting  121.1s
  2026-05-20  hist_gradient_boosting  124.4s
  2026-05-21  hist_gradient_boosting  127.8s
  2026-05-22  hist_gradient_boosting  125.6s
  2026-05-23  hist_gradient_boosting  121.7s
  2026-05-24  hist_gradient_boosting  120.2s
  2026-05-25  hist_gradient_boosting  122.4s
  2026-05-26  hist_gradient_boosting  127.1s
  2026-05-27  hist_gradient_boosting  126.8s
  2026-05-28  hist_gradient_boosting  125.4s
  2026-05-29  hist_gradient_boosting  121.5s
  2026-05-30  hist_gradient_boosting  121.9s
  2026-05-31  hist_gradient_boosting  122.9s
  2026-06-01  hist_gradient_boosting  128.5s
  2026-06-02  hist_gradient_boosting  127.1s
  2026-06-03  hist_gradient_boosting  123.8s
  2026-06-04  hist_gradient_boosting  121.3s
  2026-06-05  hist_gradient_boosting  122.6s
  2026-06-06  hist_gradient_boosting  124.9s
  2026-06-07  hist_gradient_boosting  127.9s
  2026-06-08  hist_gradient_boosting  126.1s
  2026-06-09  hist_gradient_boosting  121.6s
  2026-06-10  hist_gradient_boosting  121.8s
  2026-06-11  hist_gradient_boosting  122.9s
  2026-06-12  hist_gradient_boosting  127.4s
  2026-06-13  hist_gradient_boosting  127.5s
  2026-06-14  hist_gradient_boosting  125.2s
  2026-06-15  hist_gradient_boosting  121.4s
  2026-06-16  hist_gradient_boosting  122.4s
  2026-06-17  hist_gradient_boosting  122.0s
  2026-06-18  hist_gradient_boosting  128.9s
  2026-06-19  hist_gradient_boosting  115.4s
  2026-06-20  hist_gradient_boosting  98.3s
  2026-06-21  hist_gradient_boosting  92.2s
  2026-06-22  hist_gradient_boosting  93.4s
  2026-06-23  hist_gradient_boosting  99.7s
  2026-06-24  hist_gradient_boosting  99.4s
  2026-06-25  hist_gradient_boosting  96.3s
  2026-06-26  hist_gradient_boosting  92.7s
  2026-06-27  hist_gradient_boosting  93.7s
  2026-06-28  hist_gradient_boosting  100.3s
  2026-06-29  hist_gradient_boosting  99.5s
  2026-06-30  hist_gradient_boosting  94.2s
  2026-07-01  hist_gradient_boosting  93.0s
  2026-07-02  hist_gradient_boosting  94.0s
  2026-07-03  hist_gradient_boosting  100.0s
  2026-07-04  hist_gradient_boosting  97.6s
  2026-07-05  hist_gradient_boosting  93.4s
  2026-07-06  hist_gradient_boosting  93.4s
  2026-07-07  hist_gradient_boosting  95.0s
  2026-07-08  hist_gradient_boosting  99.7s
  2026-07-09  hist_gradient_boosting  96.9s
  2026-07-10  hist_gradient_boosting  92.5s
  2026-07-11  hist_gradient_boosting  92.4s
  2026-07-12  hist_gradient_boosting  97.1s
  2026-07-13  hist_gradient_boosting  97.6s
  2026-07-14  hist_gradient_boosting  96.1s
  2026-07-15  hist_gradient_boosting  92.8s
  2026-07-16  hist_gradient_boosting  92.5s
  2026-07-17  hist_gradient_boosting  98.5s
  2026-07-18  hist_gradient_boosting  97.9s
  2026-07-19  hist_gradient_boosting  95.6s
  2026-07-20  hist_gradient_boosting  94.2s
  2026-07-21  hist_gradient_boosting  92.8s
  2026-07-22  hist_gradient_boosting  98.6s
  2026-07-23  hist_gradient_boosting  97.0s
  2026-07-24  hist_gradient_boosting  95.5s
  2026-07-25  hist_gradient_boosting  93.6s
  2026-07-26  hist_gradient_boosting  93.9s
  2026-07-27  hist_gradient_boosting  99.2s
  2026-07-28  hist_gradient_boosting  96.7s
  2026-07-29  hist_gradient_boosting  94.9s
  2026-07-30  hist_gradient_boosting  93.7s
  2026-07-31  hist_gradient_boosting  95.7s

--- Renewable Generation Metrics ---
          target  period         mae          mse        rmse    nrmse  nrmse_pct       r2        bias  installed_capacity_mw  n_obs
Solar_TransnetBW    full  207.726719 2.156788e+05  464.412281 0.071621   7.162093 0.957428  -33.798325            6484.309757  20640
Solar_TransnetBW 2025-11         NaN          NaN         NaN      NaN        NaN      NaN         NaN            6484.309757      0
Solar_TransnetBW 2025-12   50.426190 1.202954e+04  109.679268 0.016915   1.691456 0.986520   18.812494            6484.309757    288
Solar_TransnetBW 2026-01  122.384075 8.146557e+04  285.421743 0.044017   4.401729 0.884073  -15.168476            6484.309757   2976
Solar_TransnetBW 2026-02  174.383834 1.393336e+05  373.274170 0.057566   5.756575 0.878730  -11.813221            6484.309757   2688
Solar_TransnetBW 2026-03  160.075897 1.004541e+05  316.944999 0.048879   4.887876 0.974713   15.683122            6484.309757   2976
Solar_TransnetBW 2026-04  220.702027 1.626328e+05  403.277587 0.062193   6.219283 0.975220  -42.714445            6484.309757   2880
Solar_TransnetBW 2026-05  233.524375 1.865148e+05  431.873605 0.066603   6.660286 0.970254  -61.277681            6484.309757   2976
Solar_TransnetBW 2026-06  345.336030 7.176329e+05  847.132136 0.130643  13.064338 0.889015 -112.233564            6484.309757   2880
Solar_TransnetBW 2026-07  214.534262 1.485182e+05  385.380635 0.059433   5.943279 0.977627  -14.845575            6484.309757   2976
   Solar_Amprion    full  403.963414 8.305718e+05  911.357128 0.097688   9.768815 0.939609 -150.750982            9329.249789  20256
   Solar_Amprion 2025-11         NaN          NaN         NaN      NaN        NaN      NaN         NaN            9329.249789      0
   Solar_Amprion 2025-12         NaN          NaN         NaN      NaN        NaN      NaN         NaN            9329.249789      0
   Solar_Amprion 2026-01  168.599071 1.453011e+05  381.183775 0.040859   4.085900 0.815692   -0.597050            9329.249789   2880
   Solar_Amprion 2026-02  179.470053 1.577109e+05  397.128312 0.042568   4.256809 0.932413  -16.165560            9329.249789   2688
   Solar_Amprion 2026-03  229.352538 2.071899e+05  455.181141 0.048791   4.879076 0.978952  -17.948372            9329.249789   2976
   Solar_Amprion 2026-04  433.921586 7.362095e+05  858.026516 0.091972   9.197165 0.955933 -252.730319            9329.249789   2880
   Solar_Amprion 2026-05  453.405481 7.953915e+05  891.847228 0.095597   9.559689 0.950027 -153.139856            9329.249789   2976
   Solar_Amprion 2026-06  676.692724 2.161619e+06 1470.244613 0.157595  15.759516 0.880038 -350.564167            9329.249789   2880
   Solar_Amprion 2026-07  666.748995 1.563253e+06 1250.301023 0.134019  13.401946 0.921188 -255.978725            9329.249789   2976
   Solar_50Hertz    full  407.531122 7.505507e+05  866.343316 0.039348   3.934762 0.955258   -1.814538           22017.679115  20160
   Solar_50Hertz 2025-11         NaN          NaN         NaN      NaN        NaN      NaN         NaN           22017.679115      0
   Solar_50Hertz 2025-12         NaN          NaN         NaN      NaN        NaN      NaN         NaN           22017.679115      0
   Solar_50Hertz 2026-01  178.559833 2.390807e+05  488.958790 0.022208   2.220755 0.861256   18.374847           22017.679115   2784
   Solar_50Hertz 2026-02  253.875306 2.948191e+05  542.972497 0.024661   2.466075 0.928603  -45.480016           22017.679115   2688
   Solar_50Hertz 2026-03  327.954711 4.230226e+05  650.401864 0.029540   2.953998 0.971281   64.796674           22017.679115   2976
   Solar_50Hertz 2026-04  473.985904 7.820961e+05  884.361998 0.040166   4.016600 0.961105  104.059559           22017.679115   2880
   Solar_50Hertz 2026-05  465.921918 6.394087e+05  799.630335 0.036318   3.631765 0.969003  -88.029204           22017.679115   2976
   Solar_50Hertz 2026-06  631.678857 2.115463e+06 1454.463207 0.066059   6.605888 0.896283  -31.724914           22017.679115   2880
   Solar_50Hertz 2026-07  500.473341 7.279106e+05  853.176795 0.038750   3.874962 0.964537  -35.171425           22017.679115   2976
    Solar_TenneT    full  466.865967 1.166608e+06 1080.096128 0.038182   3.818174 0.963739  -26.150638           28288.291824  19680
    Solar_TenneT 2025-11         NaN          NaN         NaN      NaN        NaN      NaN         NaN           28288.291824      0
    Solar_TenneT 2025-12         NaN          NaN         NaN      NaN        NaN      NaN         NaN           28288.291824      0
    Solar_TenneT 2026-01  283.801469 4.080457e+05  638.784571 0.022581   2.258124 0.899533  -33.539135           28288.291824   2304
    Solar_TenneT 2026-02  291.194032 3.530390e+05  594.170864 0.021004   2.100413 0.941546   25.721348           28288.291824   2688
    Solar_TenneT 2026-03  356.252515 4.376330e+05  661.538371 0.023386   2.338559 0.981082   57.135486           28288.291824   2976
    Solar_TenneT 2026-04  522.652948 9.287636e+05  963.723829 0.034068   3.406794 0.977098  -29.253320           28288.291824   2880
    Solar_TenneT 2026-05  441.654126 5.464987e+05  739.255481 0.026133   2.613291 0.987662 -120.516053           28288.291824   2976
    Solar_TenneT 2026-06  820.806122 4.632964e+06 2152.432170 0.076089   7.608915 0.862450  -38.410612           28288.291824   2880
    Solar_TenneT 2026-07  506.579910 7.134342e+05  844.650327 0.029859   2.985865 0.982442  -41.336246           28288.291824   2976
           Solar    full 1059.339112 6.308399e+06 2511.652742 0.037987   3.798655 0.974386 -175.774299           66119.530485  19680
           Solar 2025-11         NaN          NaN         NaN      NaN        NaN      NaN         NaN           66119.530485      0
           Solar 2025-12         NaN          NaN         NaN      NaN        NaN      NaN         NaN           66119.530485      0
           Solar 2026-01  578.945531 1.746005e+06 1321.364999 0.019984   1.998449 0.931972  -23.606281           66119.530485   2304
           Solar 2026-02  631.407858 1.702913e+06 1304.956928 0.019736   1.973633 0.963405  -61.802331           66119.530485   2688
           Solar 2026-03  723.757371 2.037295e+06 1427.338509 0.021587   2.158725 0.989076   67.951376           66119.530485   2976
           Solar 2026-04 1087.860430 3.776685e+06 1943.369520 0.029392   2.939176 0.987467 -258.141856           66119.530485   2880
           Solar 2026-05 1079.032946 3.759074e+06 1938.833135 0.029323   2.932315 0.987869 -359.550258           66119.530485   2976
           Solar 2026-06 1899.368999 2.527697e+07 5027.620961 0.076038   7.603836 0.912523 -374.432095           66119.530485   2880
           Solar 2026-07 1293.129760 4.914163e+06 2216.791063 0.033527   3.352702 0.984472 -184.513914           66119.530485   2976
Saved renewable generation outputs -> /Users/davideiglsperger/Code/DA_Price_Forecasting_Pipeline_DE_LU/results/renewable_generation_results/rq3_clean/solar_0700_limit0515_warmup
